Component: ARM Compiler 6.16 Tool: armlink [5dfeaa00]

==============================================================================

Section Cross References

    gpio.o(.text.MX_GPIO_Init) refers to stm32f4xx_hal_gpio.o(.text.HAL_GPIO_WritePin) for HAL_GPIO_WritePin
    gpio.o(.text.MX_GPIO_Init) refers to stm32f4xx_hal_gpio.o(.text.HAL_GPIO_Init) for HAL_GPIO_Init
    gpio.o(.ARM.exidx.text.MX_GPIO_Init) refers to gpio.o(.text.MX_GPIO_Init) for [Anonymous Symbol]
    usart.o(.text.MX_USART6_UART_Init) refers to usart.o(.bss.huart6) for huart6
    usart.o(.text.MX_USART6_UART_Init) refers to stm32f4xx_hal_uart.o(.text.HAL_UART_Init) for HAL_UART_Init
    usart.o(.text.MX_USART6_UART_Init) refers to main.o(.text.Error_Handler) for Error_Handler
    usart.o(.ARM.exidx.text.MX_USART6_UART_Init) refers to usart.o(.text.MX_USART6_UART_Init) for [Anonymous Symbol]
    usart.o(.text.HAL_UART_MspInit) refers to stm32f4xx_hal_gpio.o(.text.HAL_GPIO_Init) for HAL_GPIO_Init
    usart.o(.text.HAL_UART_MspInit) refers to usart.o(.bss.hdma_usart6_rx) for hdma_usart6_rx
    usart.o(.text.HAL_UART_MspInit) refers to stm32f4xx_hal_dma.o(.text.HAL_DMA_Init) for HAL_DMA_Init
    usart.o(.text.HAL_UART_MspInit) refers to main.o(.text.Error_Handler) for Error_Handler
    usart.o(.text.HAL_UART_MspInit) refers to stm32f4xx_hal_cortex.o(.text.HAL_NVIC_SetPriority) for HAL_NVIC_SetPriority
    usart.o(.text.HAL_UART_MspInit) refers to stm32f4xx_hal_cortex.o(.text.HAL_NVIC_EnableIRQ) for HAL_NVIC_EnableIRQ
    usart.o(.ARM.exidx.text.HAL_UART_MspInit) refers to usart.o(.text.HAL_UART_MspInit) for [Anonymous Symbol]
    usart.o(.text.HAL_UART_MspDeInit) refers to stm32f4xx_hal_gpio.o(.text.HAL_GPIO_DeInit) for HAL_GPIO_DeInit
    usart.o(.text.HAL_UART_MspDeInit) refers to stm32f4xx_hal_dma.o(.text.HAL_DMA_DeInit) for HAL_DMA_DeInit
    usart.o(.text.HAL_UART_MspDeInit) refers to stm32f4xx_hal_cortex.o(.text.HAL_NVIC_DisableIRQ) for HAL_NVIC_DisableIRQ
    usart.o(.ARM.exidx.text.HAL_UART_MspDeInit) refers to usart.o(.text.HAL_UART_MspDeInit) for [Anonymous Symbol]
    dma.o(.text.MX_DMA_Init) refers to stm32f4xx_hal_cortex.o(.text.HAL_NVIC_SetPriority) for HAL_NVIC_SetPriority
    dma.o(.text.MX_DMA_Init) refers to stm32f4xx_hal_cortex.o(.text.HAL_NVIC_EnableIRQ) for HAL_NVIC_EnableIRQ
    dma.o(.ARM.exidx.text.MX_DMA_Init) refers to dma.o(.text.MX_DMA_Init) for [Anonymous Symbol]
    main.o(.text) refers (Special) to _printf_d.o(.ARM.Collect$$_printf_percent$$00000009) for _printf_d
    main.o(.text) refers (Special) to _printf_dec.o(.text) for _printf_int_dec
    main.o(.text) refers (Special) to _printf_percent.o(.ARM.Collect$$_printf_percent$$00000000) for _printf_percent
    main.o(.text.fputc) refers (Special) to _printf_d.o(.ARM.Collect$$_printf_percent$$00000009) for _printf_d
    main.o(.text.fputc) refers (Special) to _printf_dec.o(.text) for _printf_int_dec
    main.o(.text.fputc) refers (Special) to _printf_percent.o(.ARM.Collect$$_printf_percent$$00000000) for _printf_percent
    main.o(.text.fputc) refers to usart.o(.bss.huart6) for huart6
    main.o(.text.fputc) refers to stm32f4xx_hal_uart.o(.text.HAL_UART_Transmit) for HAL_UART_Transmit
    main.o(.ARM.exidx.text.fputc) refers (Special) to _printf_d.o(.ARM.Collect$$_printf_percent$$00000009) for _printf_d
    main.o(.ARM.exidx.text.fputc) refers (Special) to _printf_dec.o(.text) for _printf_int_dec
    main.o(.ARM.exidx.text.fputc) refers (Special) to _printf_percent.o(.ARM.Collect$$_printf_percent$$00000000) for _printf_percent
    main.o(.ARM.exidx.text.fputc) refers to main.o(.text.fputc) for [Anonymous Symbol]
    main.o(.text.ferror) refers (Special) to _printf_d.o(.ARM.Collect$$_printf_percent$$00000009) for _printf_d
    main.o(.text.ferror) refers (Special) to _printf_dec.o(.text) for _printf_int_dec
    main.o(.text.ferror) refers (Special) to _printf_percent.o(.ARM.Collect$$_printf_percent$$00000000) for _printf_percent
    main.o(.ARM.exidx.text.ferror) refers (Special) to _printf_d.o(.ARM.Collect$$_printf_percent$$00000009) for _printf_d
    main.o(.ARM.exidx.text.ferror) refers (Special) to _printf_dec.o(.text) for _printf_int_dec
    main.o(.ARM.exidx.text.ferror) refers (Special) to _printf_percent.o(.ARM.Collect$$_printf_percent$$00000000) for _printf_percent
    main.o(.ARM.exidx.text.ferror) refers to main.o(.text.ferror) for [Anonymous Symbol]
    main.o(.text.main) refers (Special) to _printf_d.o(.ARM.Collect$$_printf_percent$$00000009) for _printf_d
    main.o(.text.main) refers (Special) to _printf_dec.o(.text) for _printf_int_dec
    main.o(.text.main) refers (Special) to _printf_percent.o(.ARM.Collect$$_printf_percent$$00000000) for _printf_percent
    main.o(.text.main) refers to stm32f4xx_hal.o(.text.HAL_Init) for HAL_Init
    main.o(.text.main) refers to main.o(.text.SystemClock_Config) for SystemClock_Config
    main.o(.text.main) refers to gpio.o(.text.MX_GPIO_Init) for MX_GPIO_Init
[...]
    Removing stm32f4xx_hal_pwr.o(.text.HAL_PWR_PVD_IRQHandler), (30 bytes).
    Removing stm32f4xx_hal_pwr.o(.ARM.exidx.text.HAL_PWR_PVD_IRQHandler), (8 bytes).
    Removing stm32f4xx_hal_pwr.o(.text.HAL_PWR_PVDCallback), (2 bytes).
    Removing stm32f4xx_hal_pwr.o(.ARM.exidx.text.HAL_PWR_PVDCallback), (8 bytes).
    Removing stm32f4xx_hal_pwr.o(.text.HAL_PWR_EnableSleepOnExit), (18 bytes).
    Removing stm32f4xx_hal_pwr.o(.ARM.exidx.text.HAL_PWR_EnableSleepOnExit), (8 bytes).
    Removing stm32f4xx_hal_pwr.o(.text.HAL_PWR_DisableSleepOnExit), (18 bytes).
    Removing stm32f4xx_hal_pwr.o(.ARM.exidx.text.HAL_PWR_DisableSleepOnExit), (8 bytes).
    Removing stm32f4xx_hal_pwr.o(.text.HAL_PWR_EnableSEVOnPend), (18 bytes).
    Removing stm32f4xx_hal_pwr.o(.ARM.exidx.text.HAL_PWR_EnableSEVOnPend), (8 bytes).
    Removing stm32f4xx_hal_pwr.o(.text.HAL_PWR_DisableSEVOnPend), (18 bytes).
    Removing stm32f4xx_hal_pwr.o(.ARM.exidx.text.HAL_PWR_DisableSEVOnPend), (8 bytes).
    Removing stm32f4xx_hal_pwr_ex.o(.text), (0 bytes).
    Removing stm32f4xx_hal_pwr_ex.o(.text.HAL_PWREx_EnableBkUpReg), (54 bytes).
    Removing stm32f4xx_hal_pwr_ex.o(.ARM.exidx.text.HAL_PWREx_EnableBkUpReg), (8 bytes).
    Removing stm32f4xx_hal_pwr_ex.o(.text.HAL_PWREx_DisableBkUpReg), (54 bytes).
    Removing stm32f4xx_hal_pwr_ex.o(.ARM.exidx.text.HAL_PWREx_DisableBkUpReg), (8 bytes).
    Removing stm32f4xx_hal_pwr_ex.o(.text.HAL_PWREx_EnableFlashPowerDown), (12 bytes).
    Removing stm32f4xx_hal_pwr_ex.o(.ARM.exidx.text.HAL_PWREx_EnableFlashPowerDown), (8 bytes).
    Removing stm32f4xx_hal_pwr_ex.o(.text.HAL_PWREx_DisableFlashPowerDown), (12 bytes).
    Removing stm32f4xx_hal_pwr_ex.o(.ARM.exidx.text.HAL_PWREx_DisableFlashPowerDown), (8 bytes).
    Removing stm32f4xx_hal_pwr_ex.o(.text.HAL_PWREx_GetVoltageRange), (16 bytes).
    Removing stm32f4xx_hal_pwr_ex.o(.ARM.exidx.text.HAL_PWREx_GetVoltageRange), (8 bytes).
    Removing stm32f4xx_hal_pwr_ex.o(.text.HAL_PWREx_ControlVoltageScaling), (194 bytes).
    Removing stm32f4xx_hal_pwr_ex.o(.ARM.exidx.text.HAL_PWREx_ControlVoltageScaling), (8 bytes).
    Removing stm32f4xx_hal_pwr_ex.o(.text.HAL_PWREx_EnableMainRegulatorLowVoltage), (12 bytes).
    Removing stm32f4xx_hal_pwr_ex.o(.ARM.exidx.text.HAL_PWREx_EnableMainRegulatorLowVoltage), (8 bytes).
    Removing stm32f4xx_hal_pwr_ex.o(.text.HAL_PWREx_DisableMainRegulatorLowVoltage), (12 bytes).
    Removing stm32f4xx_hal_pwr_ex.o(.ARM.exidx.text.HAL_PWREx_DisableMainRegulatorLowVoltage), (8 bytes).
    Removing stm32f4xx_hal_pwr_ex.o(.text.HAL_PWREx_EnableLowRegulatorLowVoltage), (12 bytes).
    Removing stm32f4xx_hal_pwr_ex.o(.ARM.exidx.text.HAL_PWREx_EnableLowRegulatorLowVoltage), (8 bytes).
    Removing stm32f4xx_hal_pwr_ex.o(.text.HAL_PWREx_DisableLowRegulatorLowVoltage), (12 bytes).
    Removing stm32f4xx_hal_pwr_ex.o(.ARM.exidx.text.HAL_PWREx_DisableLowRegulatorLowVoltage), (8 bytes).
    Removing stm32f4xx_hal_rcc.o(.text), (0 bytes).
    Removing stm32f4xx_hal_rcc.o(.text.HAL_RCC_DeInit), (4 bytes).
    Removing stm32f4xx_hal_rcc.o(.ARM.exidx.text.HAL_RCC_DeInit), (8 bytes).
    Removing stm32f4xx_hal_rcc.o(.ARM.exidx.text.HAL_RCC_OscConfig), (8 bytes).
    Removing stm32f4xx_hal_rcc.o(.ARM.exidx.text.HAL_RCC_ClockConfig), (8 bytes).
    Removing stm32f4xx_hal_rcc.o(.ARM.exidx.text.HAL_RCC_GetSysClockFreq), (8 bytes).
    Removing stm32f4xx_hal_rcc.o(.text.HAL_RCC_MCOConfig), (158 bytes).
    Removing stm32f4xx_hal_rcc.o(.ARM.exidx.text.HAL_RCC_MCOConfig), (8 bytes).
    Removing stm32f4xx_hal_rcc.o(.text.HAL_RCC_EnableCSS), (12 bytes).
    Removing stm32f4xx_hal_rcc.o(.ARM.exidx.text.HAL_RCC_EnableCSS), (8 bytes).
    Removing stm32f4xx_hal_rcc.o(.text.HAL_RCC_DisableCSS), (12 bytes).
    Removing stm32f4xx_hal_rcc.o(.ARM.exidx.text.HAL_RCC_DisableCSS), (8 bytes).
    Removing stm32f4xx_hal_rcc.o(.ARM.exidx.text.HAL_RCC_GetHCLKFreq), (8 bytes).
    Removing stm32f4xx_hal_rcc.o(.ARM.exidx.text.HAL_RCC_GetPCLK1Freq), (8 bytes).
    Removing stm32f4xx_hal_rcc.o(.ARM.exidx.text.HAL_RCC_GetPCLK2Freq), (8 bytes).
    Removing stm32f4xx_hal_rcc.o(.text.HAL_RCC_GetOscConfig), (152 bytes).
    Removing stm32f4xx_hal_rcc.o(.ARM.exidx.text.HAL_RCC_GetOscConfig), (8 bytes).
    Removing stm32f4xx_hal_rcc.o(.text.HAL_RCC_GetClockConfig), (62 bytes).
    Removing stm32f4xx_hal_rcc.o(.ARM.exidx.text.HAL_RCC_GetClockConfig), (8 bytes).
    Removing stm32f4xx_hal_rcc.o(.text.HAL_RCC_NMI_IRQHandler), (28 bytes).
    Removing stm32f4xx_hal_rcc.o(.ARM.exidx.text.HAL_RCC_NMI_IRQHandler), (8 bytes).
    Removing stm32f4xx_hal_rcc.o(.text.HAL_RCC_CSSCallback), (2 bytes).
    Removing stm32f4xx_hal_rcc.o(.ARM.exidx.text.HAL_RCC_CSSCallback), (8 bytes).
    Removing stm32f4xx_hal_rcc_ex.o(.text), (0 bytes).
    Removing stm32f4xx_hal_rcc_ex.o(.text.HAL_RCCEx_PeriphCLKConfig), (350 bytes).
    Removing stm32f4xx_hal_rcc_ex.o(.ARM.exidx.text.HAL_RCCEx_PeriphCLKConfig), (8 bytes).
    Removing stm32f4xx_hal_rcc_ex.o(.text.HAL_RCCEx_GetPeriphCLKConfig), (66 bytes).
    Removing stm32f4xx_hal_rcc_ex.o(.ARM.exidx.text.HAL_RCCEx_GetPeriphCLKConfig), (8 bytes).
    Removing stm32f4xx_hal_rcc_ex.o(.text.HAL_RCCEx_GetPeriphCLKFreq), (78 bytes).
    Removing stm32f4xx_hal_rcc_ex.o(.ARM.exidx.text.HAL_RCCEx_GetPeriphCLKFreq), (8 bytes).
    Removing stm32f4xx_hal_rcc_ex.o(.text.HAL_RCCEx_SelectLSEMode), (24 bytes).
    Removing stm32f4xx_hal_rcc_ex.o(.ARM.exidx.text.HAL_RCCEx_SelectLSEMode), (8 bytes).
    Removing stm32f4xx_hal_rcc_ex.o(.text.HAL_RCCEx_EnablePLLI2S), (104 bytes).
    Removing stm32f4xx_hal_rcc_ex.o(.ARM.exidx.text.HAL_RCCEx_EnablePLLI2S), (8 bytes).
    Removing stm32f4xx_hal_rcc_ex.o(.text.HAL_RCCEx_DisablePLLI2S), (52 bytes).
    Removing stm32f4xx_hal_rcc_ex.o(.ARM.exidx.text.HAL_RCCEx_DisablePLLI2S), (8 bytes).
    Removing stm32f4xx_hal_rcc_ex.o(.text.HAL_RCC_DeInit), (286 bytes).
    Removing stm32f4xx_hal_rcc_ex.o(.ARM.exidx.text.HAL_RCC_DeInit), (8 bytes).
    Removing stm32f4xx_hal_uart.o(.text), (0 bytes).
    Removing stm32f4xx_hal_uart.o(.ARM.exidx.text.HAL_UART_Init), (8 bytes).
    Removing stm32f4xx_hal_uart.o(.text.HAL_UART_MspInit), (2 bytes).
    Removing stm32f4xx_hal_uart.o(.ARM.exidx.text.HAL_UART_MspInit), (8 bytes).
    Removing stm32f4xx_hal_uart.o(.ARM.exidx.text.UART_SetConfig), (8 bytes).
    Removing stm32f4xx_hal_uart.o(.text.HAL_HalfDuplex_Init), (102 bytes).
    Removing stm32f4xx_hal_uart.o(.ARM.exidx.text.HAL_HalfDuplex_Init), (8 bytes).
    Removing stm32f4xx_hal_uart.o(.text.HAL_LIN_Init), (118 bytes).
    Removing stm32f4xx_hal_uart.o(.ARM.exidx.text.HAL_LIN_Init), (8 bytes).
    Removing stm32f4xx_hal_uart.o(.text.HAL_MultiProcessor_Init), (126 bytes).
    Removing stm32f4xx_hal_uart.o(.ARM.exidx.text.HAL_MultiProcessor_Init), (8 bytes).
    Removing stm32f4xx_hal_uart.o(.text.HAL_UART_DeInit), (54 bytes).
    Removing stm32f4xx_hal_uart.o(.ARM.exidx.text.HAL_UART_DeInit), (8 bytes).
    Removing stm32f4xx_hal_uart.o(.text.HAL_UART_MspDeInit), (2 bytes).
    Removing stm32f4xx_hal_uart.o(.ARM.exidx.text.HAL_UART_MspDeInit), (8 bytes).
    Removing stm32f4xx_hal_uart.o(.ARM.exidx.text.HAL_UART_Transmit), (8 bytes).
    Removing stm32f4xx_hal_uart.o(.ARM.exidx.text.UART_WaitOnFlagUntilTimeout), (8 bytes).
    Removing stm32f4xx_hal_uart.o(.ARM.exidx.text.HAL_UART_Receive), (8 bytes).
    Removing stm32f4xx_hal_uart.o(.text.HAL_UART_Transmit_IT), (68 bytes).
    Removing stm32f4xx_hal_uart.o(.ARM.exidx.text.HAL_UART_Transmit_IT), (8 bytes).
    Removing stm32f4xx_hal_uart.o(.text.HAL_UART_Receive_IT), (56 bytes).
    Removing stm32f4xx_hal_uart.o(.ARM.exidx.text.HAL_UART_Receive_IT), (8 bytes).
    Removing stm32f4xx_hal_uart.o(.text.UART_Start_Receive_IT), (50 bytes).
    Removing stm32f4xx_hal_uart.o(.ARM.exidx.text.UART_Start_Receive_IT), (8 bytes).
    Removing stm32f4xx_hal_uart.o(.text.HAL_UART_Transmit_DMA), (140 bytes).
    Removing stm32f4xx_hal_uart.o(.ARM.exidx.text.HAL_UART_Transmit_DMA), (8 bytes).
    Removing stm32f4xx_hal_uart.o(.text.UART_DMATransmitCplt), (64 bytes).
    Removing stm32f4xx_hal_uart.o(.ARM.exidx.text.UART_DMATransmitCplt), (8 bytes).
    Removing stm32f4xx_hal_uart.o(.text.UART_DMATxHalfCplt), (10 bytes).
    Removing stm32f4xx_hal_uart.o(.ARM.exidx.text.UART_DMATxHalfCplt), (8 bytes).
    Removing stm32f4xx_hal_uart.o(.text.UART_DMAError), (76 bytes).
    Removing stm32f4xx_hal_uart.o(.ARM.exidx.text.UART_DMAError), (8 bytes).
    Removing stm32f4xx_hal_uart.o(.text.HAL_UART_Receive_DMA), (56 bytes).
    Removing stm32f4xx_hal_uart.o(.ARM.exidx.text.HAL_UART_Receive_DMA), (8 bytes).
    Removing stm32f4xx_hal_uart.o(.text.UART_Start_Receive_DMA), (150 bytes).
    Removing stm32f4xx_hal_uart.o(.ARM.exidx.text.UART_Start_Receive_DMA), (8 bytes).
    Removing stm32f4xx_hal_uart.o(.text.HAL_UART_DMAPause), (146 bytes).
    Removing stm32f4xx_hal_uart.o(.ARM.exidx.text.HAL_UART_DMAPause), (8 bytes).
    Removing stm32f4xx_hal_uart.o(.text.HAL_UART_DMAResume), (144 bytes).
    Removing stm32f4xx_hal_uart.o(.ARM.exidx.text.HAL_UART_DMAResume), (8 bytes).
    Removing stm32f4xx_hal_uart.o(.text.HAL_UART_DMAStop), (120 bytes).
    Removing stm32f4xx_hal_uart.o(.ARM.exidx.text.HAL_UART_DMAStop), (8 bytes).
    Removing stm32f4xx_hal_uart.o(.text.UART_EndTxTransfer), (28 bytes).
    Removing stm32f4xx_hal_uart.o(.ARM.exidx.text.UART_EndTxTransfer), (8 bytes).
    Removing stm32f4xx_hal_uart.o(.ARM.exidx.text.UART_EndRxTransfer), (8 bytes).
    Removing stm32f4xx_hal_uart.o(.text.HAL_UARTEx_ReceiveToIdle), (304 bytes).
    Removing stm32f4xx_hal_uart.o(.ARM.exidx.text.HAL_UARTEx_ReceiveToIdle), (8 bytes).
    Removing stm32f4xx_hal_uart.o(.text.HAL_UARTEx_ReceiveToIdle_IT), (108 bytes).
    Removing stm32f4xx_hal_uart.o(.ARM.exidx.text.HAL_UARTEx_ReceiveToIdle_IT), (8 bytes).
    Removing stm32f4xx_hal_uart.o(.text.HAL_UARTEx_ReceiveToIdle_DMA), (108 bytes).
    Removing stm32f4xx_hal_uart.o(.ARM.exidx.text.HAL_UARTEx_ReceiveToIdle_DMA), (8 bytes).
    Removing stm32f4xx_hal_uart.o(.text.HAL_UART_Abort), (206 bytes).
    Removing stm32f4xx_hal_uart.o(.ARM.exidx.text.HAL_UART_Abort), (8 bytes).
    Removing stm32f4xx_hal_uart.o(.text.HAL_UART_AbortTransmit), (96 bytes).
    Removing stm32f4xx_hal_uart.o(.ARM.exidx.text.HAL_UART_AbortTransmit), (8 bytes).
    Removing stm32f4xx_hal_uart.o(.text.HAL_UART_AbortReceive), (146 bytes).
    Removing stm32f4xx_hal_uart.o(.ARM.exidx.text.HAL_UART_AbortReceive), (8 bytes).
    Removing stm32f4xx_hal_uart.o(.text.HAL_UART_Abort_IT), (248 bytes).
    Removing stm32f4xx_hal_uart.o(.ARM.exidx.text.HAL_UART_Abort_IT), (8 bytes).
    Removing stm32f4xx_hal_uart.o(.text.UART_DMATxAbortCallback), (46 bytes).
    Removing stm32f4xx_hal_uart.o(.ARM.exidx.text.UART_DMATxAbortCallback), (8 bytes).
    Removing stm32f4xx_hal_uart.o(.text.UART_DMARxAbortCallback), (46 bytes).
    Removing stm32f4xx_hal_uart.o(.ARM.exidx.text.UART_DMARxAbortCallback), (8 bytes).
    Removing stm32f4xx_hal_uart.o(.text.HAL_UART_AbortCpltCallback), (2 bytes).
    Removing stm32f4xx_hal_uart.o(.ARM.exidx.text.HAL_UART_AbortCpltCallback), (8 bytes).
    Removing stm32f4xx_hal_uart.o(.text.HAL_UART_AbortTransmit_IT), (124 bytes).
    Removing stm32f4xx_hal_uart.o(.ARM.exidx.text.HAL_UART_AbortTransmit_IT), (8 bytes).
    Removing stm32f4xx_hal_uart.o(.text.UART_DMATxOnlyAbortCallback), (20 bytes).
    Removing stm32f4xx_hal_uart.o(.ARM.exidx.text.UART_DMATxOnlyAbortCallback), (8 bytes).
    Removing stm32f4xx_hal_uart.o(.text.HAL_UART_AbortTransmitCpltCallback), (2 bytes).
    Removing stm32f4xx_hal_uart.o(.ARM.exidx.text.HAL_UART_AbortTransmitCpltCallback), (8 bytes).
    Removing stm32f4xx_hal_uart.o(.text.HAL_UART_AbortReceive_IT), (178 bytes).
    Removing stm32f4xx_hal_uart.o(.ARM.exidx.text.HAL_UART_AbortReceive_IT), (8 bytes).
    Removing stm32f4xx_hal_uart.o(.text.UART_DMARxOnlyAbortCallback), (22 bytes).
    Removing stm32f4xx_hal_uart.o(.ARM.exidx.text.UART_DMARxOnlyAbortCallback), (8 bytes).
    Removing stm32f4xx_hal_uart.o(.text.HAL_UART_AbortReceiveCpltCallback), (2 bytes).
    Removing stm32f4xx_hal_uart.o(.ARM.exidx.text.HAL_UART_AbortReceiveCpltCallback), (8 bytes).
    Removing stm32f4xx_hal_uart.o(.ARM.exidx.text.HAL_UART_IRQHandler), (8 bytes).
    Removing stm32f4xx_hal_uart.o(.ARM.exidx.text.UART_Receive_IT), (8 bytes).
    Removing stm32f4xx_hal_uart.o(.ARM.exidx.text.UART_DMAAbortOnError), (8 bytes).
    Removing stm32f4xx_hal_uart.o(.ARM.exidx.text.HAL_UART_ErrorCallback), (8 bytes).
    Removing stm32f4xx_hal_uart.o(.ARM.exidx.text.HAL_UARTEx_RxEventCallback), (8 bytes).
    Removing stm32f4xx_hal_uart.o(.ARM.exidx.text.UART_Transmit_IT), (8 bytes).
    Removing stm32f4xx_hal_uart.o(.ARM.exidx.text.UART_EndTransmit_IT), (8 bytes).
    Removing stm32f4xx_hal_uart.o(.ARM.exidx.text.HAL_UART_TxCpltCallback), (8 bytes).
    Removing stm32f4xx_hal_uart.o(.text.HAL_UART_TxHalfCpltCallback), (2 bytes).
    Removing stm32f4xx_hal_uart.o(.ARM.exidx.text.HAL_UART_TxHalfCpltCallback), (8 bytes).
    Removing stm32f4xx_hal_uart.o(.ARM.exidx.text.HAL_UART_RxCpltCallback), (8 bytes).
    Removing stm32f4xx_hal_uart.o(.text.HAL_UART_RxHalfCpltCallback), (2 bytes).
    Removing stm32f4xx_hal_uart.o(.ARM.exidx.text.HAL_UART_RxHalfCpltCallback), (8 bytes).
    Removing stm32f4xx_hal_uart.o(.text.HAL_LIN_SendBreak), (60 bytes).
    Removing stm32f4xx_hal_uart.o(.ARM.exidx.text.HAL_LIN_SendBreak), (8 bytes).
    Removing stm32f4xx_hal_uart.o(.text.HAL_MultiProcessor_EnterMuteMode), (60 bytes).
    Removing stm32f4xx_hal_uart.o(.ARM.exidx.text.HAL_MultiProcessor_EnterMuteMode), (8 bytes).
    Removing stm32f4xx_hal_uart.o(.text.HAL_MultiProcessor_ExitMuteMode), (60 bytes).
    Removing stm32f4xx_hal_uart.o(.ARM.exidx.text.HAL_MultiProcessor_ExitMuteMode), (8 bytes).
    Removing stm32f4xx_hal_uart.o(.text.HAL_HalfDuplex_EnableTransmitter), (44 bytes).
    Removing stm32f4xx_hal_uart.o(.ARM.exidx.text.HAL_HalfDuplex_EnableTransmitter), (8 bytes).
    Removing stm32f4xx_hal_uart.o(.text.HAL_HalfDuplex_EnableReceiver), (46 bytes).
    Removing stm32f4xx_hal_uart.o(.ARM.exidx.text.HAL_HalfDuplex_EnableReceiver), (8 bytes).
    Removing stm32f4xx_hal_uart.o(.text.HAL_UART_GetState), (14 bytes).
    Removing stm32f4xx_hal_uart.o(.ARM.exidx.text.HAL_UART_GetState), (8 bytes).
    Removing stm32f4xx_hal_uart.o(.text.HAL_UART_GetError), (4 bytes).
    Removing stm32f4xx_hal_uart.o(.ARM.exidx.text.HAL_UART_GetError), (8 bytes).
    Removing stm32f4xx_hal_uart.o(.text.UART_DMAReceiveCplt), (128 bytes).
    Removing stm32f4xx_hal_uart.o(.ARM.exidx.text.UART_DMAReceiveCplt), (8 bytes).
    Removing stm32f4xx_hal_uart.o(.text.UART_DMARxHalfCplt), (26 bytes).
    Removing stm32f4xx_hal_uart.o(.ARM.exidx.text.UART_DMARxHalfCplt), (8 bytes).
    Removing stm32f4xx_hal_usart.o(.text), (0 bytes).
    Removing stm32f4xx_hal_msp.o(.text), (0 bytes).
    Removing stm32f4xx_hal_msp.o(.ARM.exidx.text.HAL_MspInit), (8 bytes).
    Removing system_stm32f4xx.o(.text), (0 bytes).
    Removing system_stm32f4xx.o(.ARM.exidx.text.SystemInit), (8 bytes).
    Removing system_stm32f4xx.o(.text.SystemCoreClockUpdate), (126 bytes).
    Removing system_stm32f4xx.o(.ARM.exidx.text.SystemCoreClockUpdate), (8 bytes).

392 unused section(s) (total 11562 bytes) removed from the image.

==============================================================================

Image Symbol Table

    Local Symbols

    Symbol Name                              Value     Ov Type        Size  Object(Section)

    ../clib/angel/boardlib.s                 0x00000000   Number         0  boardinit1.o ABSOLUTE
    ../clib/angel/boardlib.s                 0x00000000   Number         0  boardinit2.o ABSOLUTE
    ../clib/angel/boardlib.s                 0x00000000   Number         0  boardinit3.o ABSOLUTE
    ../clib/angel/boardlib.s                 0x00000000   Number         0  boardshut.o ABSOLUTE
    ../clib/angel/handlers.s                 0x00000000   Number         0  __scatter_copy.o ABSOLUTE
    ../clib/angel/handlers.s                 0x00000000   Number         0  __scatter_zi.o ABSOLUTE
    ../clib/angel/kernel.s                   0x00000000   Number         0  __rtentry.o ABSOLUTE
    ../clib/angel/kernel.s                   0x00000000   Number         0  __rtentry2.o ABSOLUTE
    ../clib/angel/kernel.s                   0x00000000   Number         0  __rtentry4.o ABSOLUTE
    ../clib/angel/kernel.s                   0x00000000   Number         0  rtexit.o ABSOLUTE
    ../clib/angel/kernel.s                   0x00000000   Number         0  rtexit2.o ABSOLUTE
    ../clib/angel/rt.s                       0x00000000   Number         0  aeabi_ldiv0.o ABSOLUTE
    ../clib/angel/rt.s                       0x00000000   Number         0  aeabi_ldiv0_sigfpe.o ABSOLUTE
    ../clib/angel/rt.s                       0x00000000   Number         0  rt_div0.o ABSOLUTE
    ../clib/angel/rt.s                       0x00000000   Number         0  rt_raise.o ABSOLUTE
    ../clib/angel/scatter.s                  0x00000000   Number         0  __scatter.o ABSOLUTE
    ../clib/angel/startup.s                  0x00000000   Number         0  __main.o ABSOLUTE
    ../clib/angel/sys.s                      0x00000000   Number         0  sys_stackheap_outer.o ABSOLUTE
    ../clib/angel/sys.s                      0x00000000   Number         0  libspace.o ABSOLUTE
    ../clib/angel/sys.s                      0x00000000   Number         0  use_no_semi.o ABSOLUTE
    ../clib/angel/sys.s                      0x00000000   Number         0  indicate_semi.o ABSOLUTE
    ../clib/angel/sysapp.c                   0x00000000   Number         0  sys_exit.o ABSOLUTE
    ../clib/angel/sysapp.c                   0x00000000   Number         0  sys_exit_hlt.o ABSOLUTE
    ../clib/angel/sysapp.c                   0x00000000   Number         0  sys_wrch.o ABSOLUTE
    ../clib/angel/sysapp.c                   0x00000000   Number         0  sys_wrch_hlt.o ABSOLUTE
    ../clib/angel/sysapp.c                   0x00000000   Number         0  sys_command.o ABSOLUTE
    ../clib/angel/sysapp.c                   0x00000000   Number         0  sys_command_hlt.o ABSOLUTE
    ../clib/armsys.c                         0x00000000   Number         0  argv_veneer.o ABSOLUTE
    ../clib/armsys.c                         0x00000000   Number         0  argv_veneer.o ABSOLUTE
    ../clib/armsys.c                         0x00000000   Number         0  _get_argv_nomalloc.o ABSOLUTE
    ../clib/armsys.c                         0x00000000   Number         0  no_argv.o ABSOLUTE
    ../clib/heapalloc.c                      0x00000000   Number         0  hrguard.o ABSOLUTE
    ../clib/heapaux.c                        0x00000000   Number         0  heapauxi.o ABSOLUTE
    ../clib/libinit.s                        0x00000000   Number         0  libinit.o ABSOLUTE
    ../clib/libinit.s                        0x00000000   Number         0  libinit2.o ABSOLUTE
    ../clib/libinit.s                        0x00000000   Number         0  libshutdown.o ABSOLUTE
    ../clib/libinit.s                        0x00000000   Number         0  libshutdown2.o ABSOLUTE
    ../clib/longlong.s                       0x00000000   Number         0  lludivv7m.o ABSOLUTE
    ../clib/memcpset.s                       0x00000000   Number         0  rt_memcpy_w.o ABSOLUTE
    ../clib/memcpset.s                       0x00000000   Number         0  rt_memclr_w.o ABSOLUTE
    ../clib/printf.c                         0x00000000   Number         0  __2printf.o ABSOLUTE
    ../clib/printf.c                         0x00000000   Number         0  noretval__2printf.o ABSOLUTE
    ../clib/printf.c                         0x00000000   Number         0  __printf.o ABSOLUTE
    ../clib/printf.c                         0x00000000   Number         0  _printf_dec.o ABSOLUTE
    ../clib/printf.c                         0x00000000   Number         0  __printf_flags.o ABSOLUTE
    ../clib/printf.c                         0x00000000   Number         0  __printf_ss.o ABSOLUTE
    ../clib/printf.c                         0x00000000   Number         0  __printf_flags_ss.o ABSOLUTE
    ../clib/printf.c                         0x00000000   Number         0  __printf_wp.o ABSOLUTE
    ../clib/printf.c                         0x00000000   Number         0  __printf_flags_wp.o ABSOLUTE
    ../clib/printf.c                         0x00000000   Number         0  __printf_ss_wp.o ABSOLUTE
    ../clib/printf.c                         0x00000000   Number         0  __printf_flags_ss_wp.o ABSOLUTE
    ../clib/printf.c                         0x00000000   Number         0  _printf_intcommon.o ABSOLUTE
    ../clib/printf.c                         0x00000000   Number         0  _printf_char_file.o ABSOLUTE
    ../clib/printf.c                         0x00000000   Number         0  _printf_char_common.o ABSOLUTE
    ../clib/printf.c                         0x00000000   Number         0  __printf_nopercent.o ABSOLUTE
    ../clib/printf_percent.s                 0x00000000   Number         0  _printf_d.o ABSOLUTE
    ../clib/printf_percent.s                 0x00000000   Number         0  _printf_percent.o ABSOLUTE
    ../clib/printf_percent.s                 0x00000000   Number         0  _printf_percent_end.o ABSOLUTE
    ../clib/signal.c                         0x00000000   Number         0  defsig_fpe_outer.o ABSOLUTE
    ../clib/signal.c                         0x00000000   Number         0  defsig_fpe_formal.o ABSOLUTE
    ../clib/signal.c                         0x00000000   Number         0  defsig_exit.o ABSOLUTE
    ../clib/signal.c                         0x00000000   Number         0  defsig_fpe_inner.o ABSOLUTE
    ../clib/signal.c                         0x00000000   Number         0  __raise.o ABSOLUTE
    ../clib/signal.c                         0x00000000   Number         0  defsig_general.o ABSOLUTE
    ../clib/signal.c                         0x00000000   Number         0  defsig_abrt_inner.o ABSOLUTE
    ../clib/signal.c                         0x00000000   Number         0  defsig_rtred_inner.o ABSOLUTE
    ../clib/signal.c                         0x00000000   Number         0  defsig_rtmem_inner.o ABSOLUTE
    ../clib/signal.c                         0x00000000   Number         0  defsig_rtmem_outer.o ABSOLUTE
    ../clib/signal.c                         0x00000000   Number         0  defsig_rtmem_formal.o ABSOLUTE
    ../clib/signal.c                         0x00000000   Number         0  defsig_stak_inner.o ABSOLUTE
    ../clib/signal.c                         0x00000000   Number         0  defsig_pvfn_inner.o ABSOLUTE
    ../clib/signal.c                         0x00000000   Number         0  defsig_cppl_inner.o ABSOLUTE
    ../clib/signal.c                         0x00000000   Number         0  defsig_segv_inner.o ABSOLUTE
    ../clib/signal.c                         0x00000000   Number         0  defsig_other.o ABSOLUTE
    ../clib/signal.s                         0x00000000   Number         0  defsig.o ABSOLUTE
    ../clib/stdlib.c                         0x00000000   Number         0  exit.o ABSOLUTE
    ../clib/string.c                         0x00000000   Number         0  strlen.o ABSOLUTE
    ../fplib/fpinit.s                        0x00000000   Number         0  fpinit.o ABSOLUTE
    RTE/Device/STM32F411VETx/startup_stm32f411xe.s 0x00000000   Number         0  startup_stm32f411xe.o ABSOLUTE
    dc.s                                     0x00000000   Number         0  dc.o ABSOLUTE
    dma.c                                    0x00000000   Number         0  dma.o ABSOLUTE
    gpio.c                                   0x00000000   Number         0  gpio.o ABSOLUTE
    main.c                                   0x00000000   Number         0  main.o ABSOLUTE
    stm32f4xx_hal.c                          0x00000000   Number         0  stm32f4xx_hal.o ABSOLUTE
    stm32f4xx_hal_cortex.c                   0x00000000   Number         0  stm32f4xx_hal_cortex.o ABSOLUTE
    stm32f4xx_hal_crc.c                      0x00000000   Number         0  stm32f4xx_hal_crc.o ABSOLUTE
    stm32f4xx_hal_dma.c                      0x00000000   Number         0  stm32f4xx_hal_dma.o ABSOLUTE
    stm32f4xx_hal_dma_ex.c                   0x00000000   Number         0  stm32f4xx_hal_dma_ex.o ABSOLUTE
    stm32f4xx_hal_gpio.c                     0x00000000   Number         0  stm32f4xx_hal_gpio.o ABSOLUTE
    stm32f4xx_hal_msp.c                      0x00000000   Number         0  stm32f4xx_hal_msp.o ABSOLUTE
    stm32f4xx_hal_pwr.c                      0x00000000   Number         0  stm32f4xx_hal_pwr.o ABSOLUTE
    stm32f4xx_hal_pwr_ex.c                   0x00000000   Number         0  stm32f4xx_hal_pwr_ex.o ABSOLUTE
    stm32f4xx_hal_rcc.c                      0x00000000   Number         0  stm32f4xx_hal_rcc.o ABSOLUTE
    stm32f4xx_hal_rcc_ex.c                   0x00000000   Number         0  stm32f4xx_hal_rcc_ex.o ABSOLUTE
    stm32f4xx_hal_uart.c                     0x00000000   Number         0  stm32f4xx_hal_uart.o ABSOLUTE
    stm32f4xx_hal_usart.c                    0x00000000   Number         0  stm32f4xx_hal_usart.o ABSOLUTE
    stm32f4xx_it.c                           0x00000000   Number         0  stm32f4xx_it.o ABSOLUTE
    system_stm32f4xx.c                       0x00000000   Number         0  system_stm32f4xx.o ABSOLUTE
    usart.c                                  0x00000000   Number         0  usart.o ABSOLUTE
    RESET                                    0x08000000   Section      408  startup_stm32f411xe.o(RESET)
    !!!main                                  0x08000198   Section        8  __main.o(!!!main)
    !!!scatter                               0x080001a0   Section       52  __scatter.o(!!!scatter)
    !!handler_copy                           0x080001d4   Section       26  __scatter_copy.o(!!handler_copy)
    !!handler_zi                             0x080001f0   Section       28  __scatter_zi.o(!!handler_zi)
    .ARM.Collect$$_printf_percent$$00000000  0x0800020c   Section        0  _printf_percent.o(.ARM.Collect$$_printf_percent$$00000000)
    .ARM.Collect$$_printf_percent$$00000009  0x0800020c   Section        6  _printf_d.o(.ARM.Collect$$_printf_percent$$00000009)
    .ARM.Collect$$_printf_percent$$00000017  0x08000212   Section        4  _printf_percent_end.o(.ARM.Collect$$_printf_percent$$00000017)
    .ARM.Collect$$libinit$$00000000          0x08000216   Section        2  libinit.o(.ARM.Collect$$libinit$$00000000)
    .ARM.Collect$$libinit$$00000001          0x08000218   Section        4  libinit2.o(.ARM.Collect$$libinit$$00000001)
    .ARM.Collect$$libinit$$00000004          0x0800021c   Section        0  libinit2.o(.ARM.Collect$$libinit$$00000004)
    .ARM.Collect$$libinit$$0000000A          0x0800021c   Section        0  libinit2.o(.ARM.Collect$$libinit$$0000000A)
    .ARM.Collect$$libinit$$0000000C          0x0800021c   Section        0  libinit2.o(.ARM.Collect$$libinit$$0000000C)
    .ARM.Collect$$libinit$$0000000E          0x0800021c   Section        0  libinit2.o(.ARM.Collect$$libinit$$0000000E)
    .ARM.Collect$$libinit$$00000011          0x0800021c   Section        0  libinit2.o(.ARM.Collect$$libinit$$00000011)
    .ARM.Collect$$libinit$$00000013          0x0800021c   Section        0  libinit2.o(.ARM.Collect$$libinit$$00000013)
    .ARM.Collect$$libinit$$00000015          0x0800021c   Section        0  libinit2.o(.ARM.Collect$$libinit$$00000015)
    .ARM.Collect$$libinit$$00000017          0x0800021c   Section        0  libinit2.o(.ARM.Collect$$libinit$$00000017)
    .ARM.Collect$$libinit$$00000019          0x0800021c   Section        0  libinit2.o(.ARM.Collect$$libinit$$00000019)
    .ARM.Collect$$libinit$$0000001B          0x0800021c   Section        0  libinit2.o(.ARM.Collect$$libinit$$0000001B)
    .ARM.Collect$$libinit$$0000001D          0x0800021c   Section        0  libinit2.o(.ARM.Collect$$libinit$$0000001D)
    .ARM.Collect$$libinit$$0000001F          0x0800021c   Section        0  libinit2.o(.ARM.Collect$$libinit$$0000001F)
    .ARM.Collect$$libinit$$00000021          0x0800021c   Section        0  libinit2.o(.ARM.Collect$$libinit$$00000021)
    .ARM.Collect$$libinit$$00000023          0x0800021c   Section        0  libinit2.o(.ARM.Collect$$libinit$$00000023)
    .ARM.Collect$$libinit$$00000025          0x0800021c   Section        0  libinit2.o(.ARM.Collect$$libinit$$00000025)
    .ARM.Collect$$libinit$$0000002C          0x0800021c   Section        0  libinit2.o(.ARM.Collect$$libinit$$0000002C)
    .ARM.Collect$$libinit$$0000002E          0x0800021c   Section        0  libinit2.o(.ARM.Collect$$libinit$$0000002E)
    .ARM.Collect$$libinit$$00000030          0x0800021c   Section        0  libinit2.o(.ARM.Collect$$libinit$$00000030)
    .ARM.Collect$$libinit$$00000032          0x0800021c   Section        0  libinit2.o(.ARM.Collect$$libinit$$00000032)
    .ARM.Collect$$libinit$$00000033          0x0800021c   Section        2  libinit2.o(.ARM.Collect$$libinit$$00000033)
    .ARM.Collect$$libshutdown$$00000000      0x0800021e   Section        2  libshutdown.o(.ARM.Collect$$libshutdown$$00000000)
    .ARM.Collect$$libshutdown$$00000002      0x08000220   Section        0  libshutdown2.o(.ARM.Collect$$libshutdown$$00000002)
    .ARM.Collect$$libshutdown$$00000004      0x08000220   Section        0  libshutdown2.o(.ARM.Collect$$libshutdown$$00000004)
    .ARM.Collect$$libshutdown$$00000007      0x08000220   Section        0  libshutdown2.o(.ARM.Collect$$libshutdown$$00000007)
    .ARM.Collect$$libshutdown$$0000000A      0x08000220   Section        0  libshutdown2.o(.ARM.Collect$$libshutdown$$0000000A)
    .ARM.Collect$$libshutdown$$0000000C      0x08000220   Section        0  libshutdown2.o(.ARM.Collect$$libshutdown$$0000000C)
    .ARM.Collect$$libshutdown$$0000000F      0x08000220   Section        0  libshutdown2.o(.ARM.Collect$$libshutdown$$0000000F)
    .ARM.Collect$$libshutdown$$00000010      0x08000220   Section        2  libshutdown2.o(.ARM.Collect$$libshutdown$$00000010)
    .ARM.Collect$$rtentry$$00000000          0x08000222   Section        0  __rtentry.o(.ARM.Collect$$rtentry$$00000000)
    .ARM.Collect$$rtentry$$00000002          0x08000222   Section        0  __rtentry2.o(.ARM.Collect$$rtentry$$00000002)
    .ARM.Collect$$rtentry$$00000004          0x08000222   Section        6  __rtentry4.o(.ARM.Collect$$rtentry$$00000004)
    .ARM.Collect$$rtentry$$00000009          0x08000228   Section        0  __rtentry2.o(.ARM.Collect$$rtentry$$00000009)
    .ARM.Collect$$rtentry$$0000000A          0x08000228   Section        4  __rtentry2.o(.ARM.Collect$$rtentry$$0000000A)
    .ARM.Collect$$rtentry$$0000000C          0x0800022c   Section        0  __rtentry2.o(.ARM.Collect$$rtentry$$0000000C)
    .ARM.Collect$$rtentry$$0000000D          0x0800022c   Section        8  __rtentry2.o(.ARM.Collect$$rtentry$$0000000D)
    .ARM.Collect$$rtexit$$00000000           0x08000234   Section        2  rtexit.o(.ARM.Collect$$rtexit$$00000000)
    .ARM.Collect$$rtexit$$00000002           0x08000236   Section        0  rtexit2.o(.ARM.Collect$$rtexit$$00000002)
    .ARM.Collect$$rtexit$$00000003           0x08000236   Section        4  rtexit2.o(.ARM.Collect$$rtexit$$00000003)
    .ARM.Collect$$rtexit$$00000004           0x0800023a   Section        6  rtexit2.o(.ARM.Collect$$rtexit$$00000004)
    $v0                                      0x08000240   Number         0  startup_stm32f411xe.o(.text)
    .text                                    0x08000240   Section       64  startup_stm32f411xe.o(.text)
    .text                                    0x08000280   Section      240  lludivv7m.o(.text)
    .text                                    0x08000370   Section        0  noretval__2printf.o(.text)
    .text                                    0x08000388   Section        0  __printf.o(.text)
    .text                                    0x080003f0   Section        0  _printf_dec.o(.text)
    .text                                    0x08000468   Section        0  strlen.o(.text)
    .text                                    0x080004a6   Section      100  rt_memcpy_w.o(.text)
    .text                                    0x0800050a   Section       78  rt_memclr_w.o(.text)
    .text                                    0x08000558   Section        0  heapauxi.o(.text)
    .text                                    0x0800055e   Section        0  _printf_intcommon.o(.text)
    .text                                    0x08000610   Section        0  _printf_char_file.o(.text)
    _printf_input_char                       0x08000635   Thumb Code    10  _printf_char_common.o(.text)
    .text                                    0x08000634   Section        0  _printf_char_common.o(.text)
    .text                                    0x08000664   Section       74  sys_stackheap_outer.o(.text)
    .text                                    0x080006ae   Section        0  exit.o(.text)
    .text                                    0x080006c0   Section        8  libspace.o(.text)
    .text                                    0x080006c8   Section        0  sys_exit.o(.text)
    .text                                    0x080006d4   Section        2  use_no_semi.o(.text)
    .text                                    0x080006d6   Section        0  indicate_semi.o(.text)
    [Anonymous Symbol]                       0x080006d8   Section        0  stm32f4xx_it.o(.text.BusFault_Handler)
    [Anonymous Symbol]                       0x080006dc   Section        0  stm32f4xx_it.o(.text.DMA2_Stream1_IRQHandler)
    DMA_CalcBaseAndBitshift                  0x080006ed   Thumb Code    52  stm32f4xx_hal_dma.o(.text.DMA_CalcBaseAndBitshift)
    [Anonymous Symbol]                       0x080006ec   Section        0  stm32f4xx_hal_dma.o(.text.DMA_CalcBaseAndBitshift)
    DMA_CalcBaseAndBitshift.flagBitshiftOffset 0x08000720   Number         0  stm32f4xx_hal_dma.o(.text.DMA_CalcBaseAndBitshift)
    DMA_CheckFifoParam                       0x08000729   Thumb Code    80  stm32f4xx_hal_dma.o(.text.DMA_CheckFifoParam)
    [Anonymous Symbol]                       0x08000728   Section        0  stm32f4xx_hal_dma.o(.text.DMA_CheckFifoParam)
    [Anonymous Symbol]                       0x08000778   Section        0  stm32f4xx_it.o(.text.DebugMon_Handler)
    [Anonymous Symbol]                       0x0800077c   Section        0  main.o(.text.Error_Handler)
    [Anonymous Symbol]                       0x08000780   Section        0  stm32f4xx_hal_dma.o(.text.HAL_DMA_Abort)
    [Anonymous Symbol]                       0x08000800   Section        0  stm32f4xx_hal_dma.o(.text.HAL_DMA_Abort_IT)
    [Anonymous Symbol]                       0x08000824   Section        0  stm32f4xx_hal_dma.o(.text.HAL_DMA_IRQHandler)
    [Anonymous Symbol]                       0x080009b0   Section        0  stm32f4xx_hal_dma.o(.text.HAL_DMA_Init)
    [Anonymous Symbol]                       0x08000a80   Section        0  stm32f4xx_hal.o(.text.HAL_Delay)
    [Anonymous Symbol]                       0x08000aa8   Section        0  stm32f4xx_hal_gpio.o(.text.HAL_GPIO_Init)
    [Anonymous Symbol]                       0x08000c40   Section        0  stm32f4xx_hal_gpio.o(.text.HAL_GPIO_WritePin)
    [Anonymous Symbol]                       0x08000c4c   Section        0  stm32f4xx_hal.o(.text.HAL_GetTick)
    [Anonymous Symbol]                       0x08000c58   Section        0  stm32f4xx_hal.o(.text.HAL_IncTick)
    [Anonymous Symbol]                       0x08000c74   Section        0  stm32f4xx_hal.o(.text.HAL_Init)
    [Anonymous Symbol]                       0x08000cac   Section        0  stm32f4xx_hal.o(.text.HAL_InitTick)
    [Anonymous Symbol]                       0x08000cfc   Section        0  stm32f4xx_hal_msp.o(.text.HAL_MspInit)
    [Anonymous Symbol]                       0x08000d34   Section        0  stm32f4xx_hal_cortex.o(.text.HAL_NVIC_EnableIRQ)
    [Anonymous Symbol]                       0x08000d3c   Section        0  stm32f4xx_hal_cortex.o(.text.HAL_NVIC_SetPriority)
    [Anonymous Symbol]                       0x08000d5c   Section        0  stm32f4xx_hal_cortex.o(.text.HAL_NVIC_SetPriorityGrouping)
    [Anonymous Symbol]                       0x08000d64   Section        0  stm32f4xx_hal_rcc.o(.text.HAL_RCC_ClockConfig)
    [Anonymous Symbol]                       0x08000ec4   Section        0  stm32f4xx_hal_rcc.o(.text.HAL_RCC_GetHCLKFreq)
    [Anonymous Symbol]                       0x08000ed0   Section        0  stm32f4xx_hal_rcc.o(.text.HAL_RCC_GetPCLK1Freq)
    [Anonymous Symbol]                       0x08000ef4   Section        0  stm32f4xx_hal_rcc.o(.text.HAL_RCC_GetPCLK2Freq)
    [Anonymous Symbol]                       0x08000f18   Section        0  stm32f4xx_hal_rcc.o(.text.HAL_RCC_GetSysClockFreq)
    [Anonymous Symbol]                       0x08000f84   Section        0  stm32f4xx_hal_rcc.o(.text.HAL_RCC_OscConfig)
    [Anonymous Symbol]                       0x080012cc   Section        0  stm32f4xx_hal_cortex.o(.text.HAL_SYSTICK_Config)
    [Anonymous Symbol]                       0x080012d4   Section        0  stm32f4xx_hal_uart.o(.text.HAL_UARTEx_RxEventCallback)
    [Anonymous Symbol]                       0x080012d8   Section        0  stm32f4xx_hal_uart.o(.text.HAL_UART_ErrorCallback)
    [Anonymous Symbol]                       0x080012dc   Section        0  stm32f4xx_hal_uart.o(.text.HAL_UART_IRQHandler)
    [Anonymous Symbol]                       0x08001518   Section        0  stm32f4xx_hal_uart.o(.text.HAL_UART_Init)
    [Anonymous Symbol]                       0x08001578   Section        0  usart.o(.text.HAL_UART_MspInit)
    [Anonymous Symbol]                       0x08001638   Section        0  stm32f4xx_hal_uart.o(.text.HAL_UART_Receive)
    [Anonymous Symbol]                       0x08001714   Section        0  stm32f4xx_hal_uart.o(.text.HAL_UART_RxCpltCallback)
    [Anonymous Symbol]                       0x08001718   Section        0  stm32f4xx_hal_uart.o(.text.HAL_UART_Transmit)
    [Anonymous Symbol]                       0x080017e4   Section        0  stm32f4xx_hal_uart.o(.text.HAL_UART_TxCpltCallback)
    [Anonymous Symbol]                       0x080017e8   Section        0  stm32f4xx_it.o(.text.HardFault_Handler)
    [Anonymous Symbol]                       0x080017ec   Section        0  dma.o(.text.MX_DMA_Init)
    [Anonymous Symbol]                       0x08001824   Section        0  gpio.o(.text.MX_GPIO_Init)
    [Anonymous Symbol]                       0x080018b8   Section        0  usart.o(.text.MX_USART6_UART_Init)
    [Anonymous Symbol]                       0x080018f0   Section        0  stm32f4xx_it.o(.text.MemManage_Handler)
    [Anonymous Symbol]                       0x080018f4   Section        0  stm32f4xx_it.o(.text.NMI_Handler)
    NVIC_EncodePriority                      0x080018f9   Thumb Code    44  stm32f4xx_hal_cortex.o(.text.NVIC_EncodePriority)
    [Anonymous Symbol]                       0x080018f8   Section        0  stm32f4xx_hal_cortex.o(.text.NVIC_EncodePriority)
    [Anonymous Symbol]                       0x08001924   Section        0  stm32f4xx_it.o(.text.PendSV_Handler)
    [Anonymous Symbol]                       0x08001928   Section        0  stm32f4xx_it.o(.text.SVC_Handler)
    SysTick_Config                           0x0800192d   Thumb Code    46  stm32f4xx_hal_cortex.o(.text.SysTick_Config)
    [Anonymous Symbol]                       0x0800192c   Section        0  stm32f4xx_hal_cortex.o(.text.SysTick_Config)
    [Anonymous Symbol]                       0x0800195c   Section        0  stm32f4xx_it.o(.text.SysTick_Handler)
    [Anonymous Symbol]                       0x08001964   Section        0  main.o(.text.SystemClock_Config)
    [Anonymous Symbol]                       0x080019f8   Section        0  system_stm32f4xx.o(.text.SystemInit)
    UART_DMAAbortOnError                     0x08001a0d   Thumb Code    16  stm32f4xx_hal_uart.o(.text.UART_DMAAbortOnError)
    [Anonymous Symbol]                       0x08001a0c   Section        0  stm32f4xx_hal_uart.o(.text.UART_DMAAbortOnError)
    UART_EndRxTransfer                       0x08001a1d   Thumb Code    80  stm32f4xx_hal_uart.o(.text.UART_EndRxTransfer)
    [Anonymous Symbol]                       0x08001a1c   Section        0  stm32f4xx_hal_uart.o(.text.UART_EndRxTransfer)
    UART_EndTransmit_IT                      0x08001a6d   Thumb Code    24  stm32f4xx_hal_uart.o(.text.UART_EndTransmit_IT)
    [Anonymous Symbol]                       0x08001a6c   Section        0  stm32f4xx_hal_uart.o(.text.UART_EndTransmit_IT)
    UART_Receive_IT                          0x08001a85   Thumb Code   196  stm32f4xx_hal_uart.o(.text.UART_Receive_IT)
    [Anonymous Symbol]                       0x08001a84   Section        0  stm32f4xx_hal_uart.o(.text.UART_Receive_IT)
    UART_SetConfig                           0x08001b49   Thumb Code   220  stm32f4xx_hal_uart.o(.text.UART_SetConfig)
    [Anonymous Symbol]                       0x08001b48   Section        0  stm32f4xx_hal_uart.o(.text.UART_SetConfig)
    UART_Transmit_IT                         0x08001c25   Thumb Code    82  stm32f4xx_hal_uart.o(.text.UART_Transmit_IT)
    [Anonymous Symbol]                       0x08001c24   Section        0  stm32f4xx_hal_uart.o(.text.UART_Transmit_IT)
    UART_WaitOnFlagUntilTimeout              0x08001c79   Thumb Code   122  stm32f4xx_hal_uart.o(.text.UART_WaitOnFlagUntilTimeout)
    [Anonymous Symbol]                       0x08001c78   Section        0  stm32f4xx_hal_uart.o(.text.UART_WaitOnFlagUntilTimeout)
    [Anonymous Symbol]                       0x08001cf4   Section        0  stm32f4xx_it.o(.text.USART6_IRQHandler)
    [Anonymous Symbol]                       0x08001d04   Section        0  stm32f4xx_it.o(.text.UsageFault_Handler)
    __NVIC_EnableIRQ                         0x08001d09   Thumb Code    32  stm32f4xx_hal_cortex.o(.text.__NVIC_EnableIRQ)
    [Anonymous Symbol]                       0x08001d08   Section        0  stm32f4xx_hal_cortex.o(.text.__NVIC_EnableIRQ)
    __NVIC_GetPriorityGrouping               0x08001d29   Thumb Code    16  stm32f4xx_hal_cortex.o(.text.__NVIC_GetPriorityGrouping)
    [Anonymous Symbol]                       0x08001d28   Section        0  stm32f4xx_hal_cortex.o(.text.__NVIC_GetPriorityGrouping)
    __NVIC_SetPriority                       0x08001d39   Thumb Code    34  stm32f4xx_hal_cortex.o(.text.__NVIC_SetPriority)
    [Anonymous Symbol]                       0x08001d38   Section        0  stm32f4xx_hal_cortex.o(.text.__NVIC_SetPriority)
    __NVIC_SetPriorityGrouping               0x08001d5d   Thumb Code    32  stm32f4xx_hal_cortex.o(.text.__NVIC_SetPriorityGrouping)
    [Anonymous Symbol]                       0x08001d5c   Section        0  stm32f4xx_hal_cortex.o(.text.__NVIC_SetPriorityGrouping)
    [Anonymous Symbol]                       0x08001d7c   Section        0  main.o(.text.ferror)
    [Anonymous Symbol]                       0x08001d80   Section        0  main.o(.text.fputc)
    [Anonymous Symbol]                       0x08001da0   Section        0  main.o(.text.main)
    $v0                                      0x08001e28   Number         0  fpinit.o(x$fpl$fpinit)
    x$fpl$fpinit                             0x08001e28   Section       26  fpinit.o(x$fpl$fpinit)
    .bss                                     0x20000010   Section       96  libspace.o(.bss)
    Heap_Mem                                 0x20000170   Data         512  startup_stm32f411xe.o(HEAP)
    HEAP                                     0x20000170   Section      512  startup_stm32f411xe.o(HEAP)
    Stack_Mem                                0x20000370   Data        1024  startup_stm32f411xe.o(STACK)
    STACK                                    0x20000370   Section     1024  startup_stm32f411xe.o(STACK)
    __initial_sp                             0x20000770   Data           0  startup_stm32f411xe.o(STACK)

    Global Symbols

    Symbol Name                              Value     Ov Type        Size  Object(Section)

    BuildAttributes$$THM_ISAv4$E$P$D$K$B$S$7EM$VFPi3$EXTD16$VFPS$VFMA$PE$A:L22UL41UL21$X:L11$S22US41US21$IEEE1$IW$~IW$USESV6$~STKCKD$USESV7$~SHL$OTIME$ROPI$EBA8$UX$STANDARDLIB$REQ8$PRES8$EABIv2 0x00000000   Number         0  anon$$obj.o ABSOLUTE
    __ARM_exceptions_init                     - Undefined Weak Reference
    __alloca_initialize                       - Undefined Weak Reference
    __arm_preinit_                            - Undefined Weak Reference
    __cpp_initialize__aeabi_                  - Undefined Weak Reference
    __cxa_finalize                            - Undefined Weak Reference
    __rt_locale                               - Undefined Weak Reference
    __sigvec_lookup                           - Undefined Weak Reference
    _atexit_init                              - Undefined Weak Reference
    _call_atexit_fns                          - Undefined Weak Reference
    _clock_init                               - Undefined Weak Reference
    _fp_trap_init                             - Undefined Weak Reference
    _fp_trap_shutdown                         - Undefined Weak Reference
    _get_lc_collate                           - Undefined Weak Reference
    _get_lc_ctype                             - Undefined Weak Reference
    _get_lc_monetary                          - Undefined Weak Reference
    _get_lc_numeric                           - Undefined Weak Reference
    _get_lc_time                              - Undefined Weak Reference
    _getenv_init                              - Undefined Weak Reference
    _handle_redirection                       - Undefined Weak Reference
    _init_alloc                               - Undefined Weak Reference
    _init_user_alloc                          - Undefined Weak Reference
    _initio                                   - Undefined Weak Reference
    _printf_post_padding                      - Undefined Weak Reference
    _printf_pre_padding                       - Undefined Weak Reference
    _printf_truncate_signed                   - Undefined Weak Reference
    _printf_truncate_unsigned                 - Undefined Weak Reference
    _rand_init                                - Undefined Weak Reference
    _signal_finish                            - Undefined Weak Reference
    _signal_init                              - Undefined Weak Reference
    _terminate_alloc                          - Undefined Weak Reference
    _terminate_user_alloc                     - Undefined Weak Reference
    _terminateio                              - Undefined Weak Reference
    __Vectors_Size                           0x00000198   Number         0  startup_stm32f411xe.o ABSOLUTE
    __Vectors                                0x08000000   Data           4  startup_stm32f411xe.o(RESET)
    __Vectors_End                            0x08000198   Data           0  startup_stm32f411xe.o(RESET)
    __main                                   0x08000199   Thumb Code     8  __main.o(!!!main)
    __scatterload                            0x080001a1   Thumb Code     0  __scatter.o(!!!scatter)
    __scatterload_rt2                        0x080001a1   Thumb Code    44  __scatter.o(!!!scatter)
    __scatterload_rt2_thumb_only             0x080001a1   Thumb Code     0  __scatter.o(!!!scatter)
    __scatterload_null                       0x080001af   Thumb Code     0  __scatter.o(!!!scatter)
    __scatterload_copy                       0x080001d5   Thumb Code    26  __scatter_copy.o(!!handler_copy)
    __scatterload_zeroinit                   0x080001f1   Thumb Code    28  __scatter_zi.o(!!handler_zi)
    _printf_d                                0x0800020d   Thumb Code     0  _printf_d.o(.ARM.Collect$$_printf_percent$$00000009)
    _printf_percent                          0x0800020d   Thumb Code     0  _printf_percent.o(.ARM.Collect$$_printf_percent$$00000000)
    _printf_percent_end                      0x08000213   Thumb Code     0  _printf_percent_end.o(.ARM.Collect$$_printf_percent$$00000017)
    __rt_lib_init                            0x08000217   Thumb Code     0  libinit.o(.ARM.Collect$$libinit$$00000000)
    __rt_lib_init_fp_1                       0x08000219   Thumb Code     0  libinit2.o(.ARM.Collect$$libinit$$00000001)
    __rt_lib_init_alloca_1                   0x0800021d   Thumb Code     0  libinit2.o(.ARM.Collect$$libinit$$0000002E)
    __rt_lib_init_argv_1                     0x0800021d   Thumb Code     0  libinit2.o(.ARM.Collect$$libinit$$0000002C)
    __rt_lib_init_atexit_1                   0x0800021d   Thumb Code     0  libinit2.o(.ARM.Collect$$libinit$$0000001B)
    __rt_lib_init_clock_1                    0x0800021d   Thumb Code     0  libinit2.o(.ARM.Collect$$libinit$$00000021)
    __rt_lib_init_cpp_1                      0x0800021d   Thumb Code     0  libinit2.o(.ARM.Collect$$libinit$$00000032)
    __rt_lib_init_exceptions_1               0x0800021d   Thumb Code     0  libinit2.o(.ARM.Collect$$libinit$$00000030)
    __rt_lib_init_fp_trap_1                  0x0800021d   Thumb Code     0  libinit2.o(.ARM.Collect$$libinit$$0000001F)
    __rt_lib_init_getenv_1                   0x0800021d   Thumb Code     0  libinit2.o(.ARM.Collect$$libinit$$00000023)
    __rt_lib_init_heap_1                     0x0800021d   Thumb Code     0  libinit2.o(.ARM.Collect$$libinit$$0000000A)
    __rt_lib_init_lc_collate_1               0x0800021d   Thumb Code     0  libinit2.o(.ARM.Collect$$libinit$$00000011)
    __rt_lib_init_lc_ctype_1                 0x0800021d   Thumb Code     0  libinit2.o(.ARM.Collect$$libinit$$00000013)
    __rt_lib_init_lc_monetary_1              0x0800021d   Thumb Code     0  libinit2.o(.ARM.Collect$$libinit$$00000015)
    __rt_lib_init_lc_numeric_1               0x0800021d   Thumb Code     0  libinit2.o(.ARM.Collect$$libinit$$00000017)
    __rt_lib_init_lc_time_1                  0x0800021d   Thumb Code     0  libinit2.o(.ARM.Collect$$libinit$$00000019)
    __rt_lib_init_preinit_1                  0x0800021d   Thumb Code     0  libinit2.o(.ARM.Collect$$libinit$$00000004)
    __rt_lib_init_rand_1                     0x0800021d   Thumb Code     0  libinit2.o(.ARM.Collect$$libinit$$0000000E)
    __rt_lib_init_return                     0x0800021d   Thumb Code     0  libinit2.o(.ARM.Collect$$libinit$$00000033)
    __rt_lib_init_signal_1                   0x0800021d   Thumb Code     0  libinit2.o(.ARM.Collect$$libinit$$0000001D)
    __rt_lib_init_stdio_1                    0x0800021d   Thumb Code     0  libinit2.o(.ARM.Collect$$libinit$$00000025)
    __rt_lib_init_user_alloc_1               0x0800021d   Thumb Code     0  libinit2.o(.ARM.Collect$$libinit$$0000000C)
    __rt_lib_shutdown                        0x0800021f   Thumb Code     0  libshutdown.o(.ARM.Collect$$libshutdown$$00000000)
    __rt_lib_shutdown_cpp_1                  0x08000221   Thumb Code     0  libshutdown2.o(.ARM.Collect$$libshutdown$$00000002)
    __rt_lib_shutdown_fp_trap_1              0x08000221   Thumb Code     0  libshutdown2.o(.ARM.Collect$$libshutdown$$00000007)
    __rt_lib_shutdown_heap_1                 0x08000221   Thumb Code     0  libshutdown2.o(.ARM.Collect$$libshutdown$$0000000F)
    __rt_lib_shutdown_return                 0x08000221   Thumb Code     0  libshutdown2.o(.ARM.Collect$$libshutdown$$00000010)
    __rt_lib_shutdown_signal_1               0x08000221   Thumb Code     0  libshutdown2.o(.ARM.Collect$$libshutdown$$0000000A)
    __rt_lib_shutdown_stdio_1                0x08000221   Thumb Code     0  libshutdown2.o(.ARM.Collect$$libshutdown$$00000004)
    __rt_lib_shutdown_user_alloc_1           0x08000221   Thumb Code     0  libshutdown2.o(.ARM.Collect$$libshutdown$$0000000C)
    __rt_entry                               0x08000223   Thumb Code     0  __rtentry.o(.ARM.Collect$$rtentry$$00000000)
    __rt_entry_presh_1                       0x08000223   Thumb Code     0  __rtentry2.o(.ARM.Collect$$rtentry$$00000002)
    __rt_entry_sh                            0x08000223   Thumb Code     0  __rtentry4.o(.ARM.Collect$$rtentry$$00000004)
    __rt_entry_li                            0x08000229   Thumb Code     0  __rtentry2.o(.ARM.Collect$$rtentry$$0000000A)
    __rt_entry_postsh_1                      0x08000229   Thumb Code     0  __rtentry2.o(.ARM.Collect$$rtentry$$00000009)
    __rt_entry_main                          0x0800022d   Thumb Code     0  __rtentry2.o(.ARM.Collect$$rtentry$$0000000D)
    __rt_entry_postli_1                      0x0800022d   Thumb Code     0  __rtentry2.o(.ARM.Collect$$rtentry$$0000000C)
    __rt_exit                                0x08000235   Thumb Code     0  rtexit.o(.ARM.Collect$$rtexit$$00000000)
    __rt_exit_ls                             0x08000237   Thumb Code     0  rtexit2.o(.ARM.Collect$$rtexit$$00000003)
    __rt_exit_prels_1                        0x08000237   Thumb Code     0  rtexit2.o(.ARM.Collect$$rtexit$$00000002)
    __rt_exit_exit                           0x0800023b   Thumb Code     0  rtexit2.o(.ARM.Collect$$rtexit$$00000004)
    Reset_Handler                            0x08000241   Thumb Code     8  startup_stm32f411xe.o(.text)
    ADC_IRQHandler                           0x0800025b   Thumb Code     0  startup_stm32f411xe.o(.text)
    DMA1_Stream0_IRQHandler                  0x0800025b   Thumb Code     0  startup_stm32f411xe.o(.text)
    DMA1_Stream1_IRQHandler                  0x0800025b   Thumb Code     0  startup_stm32f411xe.o(.text)
    DMA1_Stream2_IRQHandler                  0x0800025b   Thumb Code     0  startup_stm32f411xe.o(.text)
    DMA1_Stream3_IRQHandler                  0x0800025b   Thumb Code     0  startup_stm32f411xe.o(.text)
    DMA1_Stream4_IRQHandler                  0x0800025b   Thumb Code     0  startup_stm32f411xe.o(.text)
    DMA1_Stream5_IRQHandler                  0x0800025b   Thumb Code     0  startup_stm32f411xe.o(.text)
    DMA1_Stream6_IRQHandler                  0x0800025b   Thumb Code     0  startup_stm32f411xe.o(.text)
    DMA1_Stream7_IRQHandler                  0x0800025b   Thumb Code     0  startup_stm32f411xe.o(.text)
    DMA2_Stream0_IRQHandler                  0x0800025b   Thumb Code     0  startup_stm32f411xe.o(.text)
    DMA2_Stream2_IRQHandler                  0x0800025b   Thumb Code     0  startup_stm32f411xe.o(.text)
    DMA2_Stream3_IRQHandler                  0x0800025b   Thumb Code     0  startup_stm32f411xe.o(.text)
    DMA2_Stream4_IRQHandler                  0x0800025b   Thumb Code     0  startup_stm32f411xe.o(.text)
    DMA2_Stream5_IRQHandler                  0x0800025b   Thumb Code     0  startup_stm32f411xe.o(.text)
    DMA2_Stream6_IRQHandler                  0x0800025b   Thumb Code     0  startup_stm32f411xe.o(.text)
    DMA2_Stream7_IRQHandler                  0x0800025b   Thumb Code     0  startup_stm32f411xe.o(.text)
    EXTI0_IRQHandler                         0x0800025b   Thumb Code     0  startup_stm32f411xe.o(.text)
    EXTI15_10_IRQHandler                     0x0800025b   Thumb Code     0  startup_stm32f411xe.o(.text)
    EXTI1_IRQHandler                         0x0800025b   Thumb Code     0  startup_stm32f411xe.o(.text)
    EXTI2_IRQHandler                         0x0800025b   Thumb Code     0  startup_stm32f411xe.o(.text)
    EXTI3_IRQHandler                         0x0800025b   Thumb Code     0  startup_stm32f411xe.o(.text)
    EXTI4_IRQHandler                         0x0800025b   Thumb Code     0  startup_stm32f411xe.o(.text)
    EXTI9_5_IRQHandler                       0x0800025b   Thumb Code     0  startup_stm32f411xe.o(.text)
    FLASH_IRQHandler                         0x0800025b   Thumb Code     0  startup_stm32f411xe.o(.text)
    FPU_IRQHandler                           0x0800025b   Thumb Code     0  startup_stm32f411xe.o(.text)
    I2C1_ER_IRQHandler                       0x0800025b   Thumb Code     0  startup_stm32f411xe.o(.text)
    I2C1_EV_IRQHandler                       0x0800025b   Thumb Code     0  startup_stm32f411xe.o(.text)
    I2C2_ER_IRQHandler                       0x0800025b   Thumb Code     0  startup_stm32f411xe.o(.text)
    I2C2_EV_IRQHandler                       0x0800025b   Thumb Code     0  startup_stm32f411xe.o(.text)
    I2C3_ER_IRQHandler                       0x0800025b   Thumb Code     0  startup_stm32f411xe.o(.text)
    I2C3_EV_IRQHandler                       0x0800025b   Thumb Code     0  startup_stm32f411xe.o(.text)
    OTG_FS_IRQHandler                        0x0800025b   Thumb Code     0  startup_stm32f411xe.o(.text)
    OTG_FS_WKUP_IRQHandler                   0x0800025b   Thumb Code     0  startup_stm32f411xe.o(.text)
    PVD_IRQHandler                           0x0800025b   Thumb Code     0  startup_stm32f411xe.o(.text)
    RCC_IRQHandler                           0x0800025b   Thumb Code     0  startup_stm32f411xe.o(.text)
    RTC_Alarm_IRQHandler                     0x0800025b   Thumb Code     0  startup_stm32f411xe.o(.text)
    RTC_WKUP_IRQHandler                      0x0800025b   Thumb Code     0  startup_stm32f411xe.o(.text)
    SDIO_IRQHandler                          0x0800025b   Thumb Code     0  startup_stm32f411xe.o(.text)
    SPI1_IRQHandler                          0x0800025b   Thumb Code     0  startup_stm32f411xe.o(.text)
    SPI2_IRQHandler                          0x0800025b   Thumb Code     0  startup_stm32f411xe.o(.text)
    SPI3_IRQHandler                          0x0800025b   Thumb Code     0  startup_stm32f411xe.o(.text)
    SPI4_IRQHandler                          0x0800025b   Thumb Code     0  startup_stm32f411xe.o(.text)
    SPI5_IRQHandler                          0x0800025b   Thumb Code     0  startup_stm32f411xe.o(.text)
    TAMP_STAMP_IRQHandler                    0x0800025b   Thumb Code     0  startup_stm32f411xe.o(.text)
    TIM1_BRK_TIM9_IRQHandler                 0x0800025b   Thumb Code     0  startup_stm32f411xe.o(.text)
    TIM1_CC_IRQHandler                       0x0800025b   Thumb Code     0  startup_stm32f411xe.o(.text)
    TIM1_TRG_COM_TIM11_IRQHandler            0x0800025b   Thumb Code     0  startup_stm32f411xe.o(.text)
    TIM1_UP_TIM10_IRQHandler                 0x0800025b   Thumb Code     0  startup_stm32f411xe.o(.text)
    TIM2_IRQHandler                          0x0800025b   Thumb Code     0  startup_stm32f411xe.o(.text)
    TIM3_IRQHandler                          0x0800025b   Thumb Code     0  startup_stm32f411xe.o(.text)
    TIM4_IRQHandler                          0x0800025b   Thumb Code     0  startup_stm32f411xe.o(.text)
    TIM5_IRQHandler                          0x0800025b   Thumb Code     0  startup_stm32f411xe.o(.text)
    USART1_IRQHandler                        0x0800025b   Thumb Code     0  startup_stm32f411xe.o(.text)
    USART2_IRQHandler                        0x0800025b   Thumb Code     0  startup_stm32f411xe.o(.text)
    WWDG_IRQHandler                          0x0800025b   Thumb Code     0  startup_stm32f411xe.o(.text)
    __user_initial_stackheap                 0x0800025d   Thumb Code     0  startup_stm32f411xe.o(.text)
    __aeabi_uldivmod                         0x08000281   Thumb Code     0  lludivv7m.o(.text)
    _ll_udiv                                 0x08000281   Thumb Code   240  lludivv7m.o(.text)
    __2printf                                0x08000371   Thumb Code    20  noretval__2printf.o(.text)
    __printf                                 0x08000389   Thumb Code   104  __printf.o(.text)
    _printf_int_dec                          0x080003f1   Thumb Code   104  _printf_dec.o(.text)
    strlen                                   0x08000469   Thumb Code    62  strlen.o(.text)
    __aeabi_memcpy4                          0x080004a7   Thumb Code     0  rt_memcpy_w.o(.text)
    __aeabi_memcpy8                          0x080004a7   Thumb Code     0  rt_memcpy_w.o(.text)
    __rt_memcpy_w                            0x080004a7   Thumb Code   100  rt_memcpy_w.o(.text)
    _memcpy_lastbytes_aligned                0x080004ef   Thumb Code     0  rt_memcpy_w.o(.text)
    __aeabi_memclr4                          0x0800050b   Thumb Code     0  rt_memclr_w.o(.text)
    __aeabi_memclr8                          0x0800050b   Thumb Code     0  rt_memclr_w.o(.text)
    __rt_memclr_w                            0x0800050b   Thumb Code     0  rt_memclr_w.o(.text)
    _memset_w                                0x0800050f   Thumb Code    74  rt_memclr_w.o(.text)
    __use_two_region_memory                  0x08000559   Thumb Code     2  heapauxi.o(.text)
    __rt_heap_escrow$2region                 0x0800055b   Thumb Code     2  heapauxi.o(.text)
    __rt_heap_expand$2region                 0x0800055d   Thumb Code     2  heapauxi.o(.text)
    _printf_int_common                       0x0800055f   Thumb Code   178  _printf_intcommon.o(.text)
    _printf_char_file                        0x08000611   Thumb Code    32  _printf_char_file.o(.text)
    _printf_char_common                      0x0800063f   Thumb Code    32  _printf_char_common.o(.text)
    __user_setup_stackheap                   0x08000665   Thumb Code    74  sys_stackheap_outer.o(.text)
    exit                                     0x080006af   Thumb Code    18  exit.o(.text)
    __user_libspace                          0x080006c1   Thumb Code     8  libspace.o(.text)
    __user_perproc_libspace                  0x080006c1   Thumb Code     0  libspace.o(.text)
    __user_perthread_libspace                0x080006c1   Thumb Code     0  libspace.o(.text)
    _sys_exit                                0x080006c9   Thumb Code     8  sys_exit.o(.text)
    __I$use$semihosting                      0x080006d5   Thumb Code     0  use_no_semi.o(.text)
    __use_no_semihosting_swi                 0x080006d5   Thumb Code     2  use_no_semi.o(.text)
    __semihosting_library_function           0x080006d7   Thumb Code     0  indicate_semi.o(.text)
    BusFault_Handler                         0x080006d9   Thumb Code     2  stm32f4xx_it.o(.text.BusFault_Handler)
    DMA2_Stream1_IRQHandler                  0x080006dd   Thumb Code    16  stm32f4xx_it.o(.text.DMA2_Stream1_IRQHandler)
    DebugMon_Handler                         0x08000779   Thumb Code     2  stm32f4xx_it.o(.text.DebugMon_Handler)
    Error_Handler                            0x0800077d   Thumb Code     2  main.o(.text.Error_Handler)
    HAL_DMA_Abort                            0x08000781   Thumb Code   128  stm32f4xx_hal_dma.o(.text.HAL_DMA_Abort)
    HAL_DMA_Abort_IT                         0x08000801   Thumb Code    36  stm32f4xx_hal_dma.o(.text.HAL_DMA_Abort_IT)
    HAL_DMA_IRQHandler                       0x08000825   Thumb Code   396  stm32f4xx_hal_dma.o(.text.HAL_DMA_IRQHandler)
    HAL_DMA_Init                             0x080009b1   Thumb Code   206  stm32f4xx_hal_dma.o(.text.HAL_DMA_Init)
    HAL_Delay                                0x08000a81   Thumb Code    40  stm32f4xx_hal.o(.text.HAL_Delay)
    HAL_GPIO_Init                            0x08000aa9   Thumb Code   406  stm32f4xx_hal_gpio.o(.text.HAL_GPIO_Init)
    HAL_GPIO_WritePin                        0x08000c41   Thumb Code    10  stm32f4xx_hal_gpio.o(.text.HAL_GPIO_WritePin)
    HAL_GetTick                              0x08000c4d   Thumb Code    12  stm32f4xx_hal.o(.text.HAL_GetTick)
    HAL_IncTick                              0x08000c59   Thumb Code    26  stm32f4xx_hal.o(.text.HAL_IncTick)
    HAL_Init                                 0x08000c75   Thumb Code    54  stm32f4xx_hal.o(.text.HAL_Init)
    HAL_InitTick                             0x08000cad   Thumb Code    80  stm32f4xx_hal.o(.text.HAL_InitTick)
    HAL_MspInit                              0x08000cfd   Thumb Code    56  stm32f4xx_hal_msp.o(.text.HAL_MspInit)
    HAL_NVIC_EnableIRQ                       0x08000d35   Thumb Code     8  stm32f4xx_hal_cortex.o(.text.HAL_NVIC_EnableIRQ)
    HAL_NVIC_SetPriority                     0x08000d3d   Thumb Code    30  stm32f4xx_hal_cortex.o(.text.HAL_NVIC_SetPriority)
    HAL_NVIC_SetPriorityGrouping             0x08000d5d   Thumb Code     8  stm32f4xx_hal_cortex.o(.text.HAL_NVIC_SetPriorityGrouping)
    HAL_RCC_ClockConfig                      0x08000d65   Thumb Code   352  stm32f4xx_hal_rcc.o(.text.HAL_RCC_ClockConfig)
    HAL_RCC_GetHCLKFreq                      0x08000ec5   Thumb Code    12  stm32f4xx_hal_rcc.o(.text.HAL_RCC_GetHCLKFreq)
    HAL_RCC_GetPCLK1Freq                     0x08000ed1   Thumb Code    34  stm32f4xx_hal_rcc.o(.text.HAL_RCC_GetPCLK1Freq)
    HAL_RCC_GetPCLK2Freq                     0x08000ef5   Thumb Code    34  stm32f4xx_hal_rcc.o(.text.HAL_RCC_GetPCLK2Freq)
    HAL_RCC_GetSysClockFreq                  0x08000f19   Thumb Code   106  stm32f4xx_hal_rcc.o(.text.HAL_RCC_GetSysClockFreq)
    HAL_RCC_OscConfig                        0x08000f85   Thumb Code   840  stm32f4xx_hal_rcc.o(.text.HAL_RCC_OscConfig)
    HAL_SYSTICK_Config                       0x080012cd   Thumb Code     8  stm32f4xx_hal_cortex.o(.text.HAL_SYSTICK_Config)
    HAL_UARTEx_RxEventCallback               0x080012d5   Thumb Code     2  stm32f4xx_hal_uart.o(.text.HAL_UARTEx_RxEventCallback)
    HAL_UART_ErrorCallback                   0x080012d9   Thumb Code     2  stm32f4xx_hal_uart.o(.text.HAL_UART_ErrorCallback)
    HAL_UART_IRQHandler                      0x080012dd   Thumb Code   570  stm32f4xx_hal_uart.o(.text.HAL_UART_IRQHandler)
    HAL_UART_Init                            0x08001519   Thumb Code    94  stm32f4xx_hal_uart.o(.text.HAL_UART_Init)
    HAL_UART_MspInit                         0x08001579   Thumb Code   192  usart.o(.text.HAL_UART_MspInit)
    HAL_UART_Receive                         0x08001639   Thumb Code   220  stm32f4xx_hal_uart.o(.text.HAL_UART_Receive)
    HAL_UART_RxCpltCallback                  0x08001715   Thumb Code     2  stm32f4xx_hal_uart.o(.text.HAL_UART_RxCpltCallback)
    HAL_UART_Transmit                        0x08001719   Thumb Code   204  stm32f4xx_hal_uart.o(.text.HAL_UART_Transmit)
    HAL_UART_TxCpltCallback                  0x080017e5   Thumb Code     2  stm32f4xx_hal_uart.o(.text.HAL_UART_TxCpltCallback)
    HardFault_Handler                        0x080017e9   Thumb Code     2  stm32f4xx_it.o(.text.HardFault_Handler)
    MX_DMA_Init                              0x080017ed   Thumb Code    54  dma.o(.text.MX_DMA_Init)
    MX_GPIO_Init                             0x08001825   Thumb Code   148  gpio.o(.text.MX_GPIO_Init)
    MX_USART6_UART_Init                      0x080018b9   Thumb Code    56  usart.o(.text.MX_USART6_UART_Init)
    MemManage_Handler                        0x080018f1   Thumb Code     2  stm32f4xx_it.o(.text.MemManage_Handler)
    NMI_Handler                              0x080018f5   Thumb Code     2  stm32f4xx_it.o(.text.NMI_Handler)
    PendSV_Handler                           0x08001925   Thumb Code     2  stm32f4xx_it.o(.text.PendSV_Handler)
    SVC_Handler                              0x08001929   Thumb Code     2  stm32f4xx_it.o(.text.SVC_Handler)
    SysTick_Handler                          0x0800195d   Thumb Code     8  stm32f4xx_it.o(.text.SysTick_Handler)
    SystemClock_Config                       0x08001965   Thumb Code   148  main.o(.text.SystemClock_Config)
    SystemInit                               0x080019f9   Thumb Code    18  system_stm32f4xx.o(.text.SystemInit)
    USART6_IRQHandler                        0x08001cf5   Thumb Code    16  stm32f4xx_it.o(.text.USART6_IRQHandler)
    UsageFault_Handler                       0x08001d05   Thumb Code     2  stm32f4xx_it.o(.text.UsageFault_Handler)
    ferror                                   0x08001d7d   Thumb Code     4  main.o(.text.ferror)
    fputc                                    0x08001d81   Thumb Code    32  main.o(.text.fputc)
    main                                     0x08001da1   Thumb Code   124  main.o(.text.main)
    _fp_init                                 0x08001e29   Thumb Code    26  fpinit.o(x$fpl$fpinit)
    __fplib_config_fpu_vfp                   0x08001e41   Thumb Code     0  fpinit.o(x$fpl$fpinit)
    __fplib_config_pureend_doubles           0x08001e41   Thumb Code     0  fpinit.o(x$fpl$fpinit)
    AHBPrescTable                            0x08001e42   Data          16  system_stm32f4xx.o(.rodata.AHBPrescTable)
    APBPrescTable                            0x08001e52   Data           8  system_stm32f4xx.o(.rodata.APBPrescTable)
    Region$$Table$$Base                      0x08001e5c   Number         0  anon$$obj.o(Region$$Table)
    Region$$Table$$Limit                     0x08001e7c   Number         0  anon$$obj.o(Region$$Table)
    SystemCoreClock                          0x20000000   Data           4  system_stm32f4xx.o(.data.SystemCoreClock)
    uwTickFreq                               0x20000004   Data           1  stm32f4xx_hal.o(.data.uwTickFreq)
    uwTickPrio                               0x20000008   Data           4  stm32f4xx_hal.o(.data.uwTickPrio)
    __libspace_start                         0x20000010   Data          96  libspace.o(.bss)
    __stdout                                 0x20000070   Data          84  main.o(.bss.__stdout)
    __temporary_stack_top$libspace           0x20000070   Data           0  libspace.o(.bss)
    hdma_usart6_rx                           0x200000c4   Data          96  usart.o(.bss.hdma_usart6_rx)
    huart6                                   0x20000124   Data          68  usart.o(.bss.huart6)
    uwTick                                   0x20000168   Data           4  stm32f4xx_hal.o(.bss.uwTick)



==============================================================================

Memory Map of the image

  Image Entry point : 0x08000241

  Load Region LR_1 (Base: 0x08000000, Size: 0x00001e88, Max: 0xffffffff, ABSOLUTE)

    Execution Region ER_RO (Exec base: 0x08000000, Load base: 0x08000000, Size: 0x00001e7c, Max: 0xffffffff, ABSOLUTE)

    Exec Addr    Load Addr    Size         Type   Attr      Idx    E Section Name        Object

    0x08000000   0x08000000   0x00000198   Data   RO          569    RESET               startup_stm32f411xe.o
    0x08000198   0x08000198   0x00000008   Code   RO          633  * !!!main             c_w.l(__main.o)
    0x080001a0   0x080001a0   0x00000034   Code   RO          815    !!!scatter          c_w.l(__scatter.o)
    0x080001d4   0x080001d4   0x0000001a   Code   RO          817    !!handler_copy      c_w.l(__scatter_copy.o)
    0x080001ee   0x080001ee   0x00000002   PAD
    0x080001f0   0x080001f0   0x0000001c   Code   RO          819    !!handler_zi        c_w.l(__scatter_zi.o)
    0x0800020c   0x0800020c   0x00000000   Code   RO          624    .ARM.Collect$$_printf_percent$$00000000  c_w.l(_printf_percent.o)
    0x0800020c   0x0800020c   0x00000006   Code   RO          623    .ARM.Collect$$_printf_percent$$00000009  c_w.l(_printf_d.o)
    0x08000212   0x08000212   0x00000004   Code   RO          644    .ARM.Collect$$_printf_percent$$00000017  c_w.l(_printf_percent_end.o)
    0x08000216   0x08000216   0x00000002   Code   RO          679    .ARM.Collect$$libinit$$00000000  c_w.l(libinit.o)
    0x08000218   0x08000218   0x00000004   Code   RO          691    .ARM.Collect$$libinit$$00000001  c_w.l(libinit2.o)
    0x0800021c   0x0800021c   0x00000000   Code   RO          694    .ARM.Collect$$libinit$$00000004  c_w.l(libinit2.o)
    0x0800021c   0x0800021c   0x00000000   Code   RO          697    .ARM.Collect$$libinit$$0000000A  c_w.l(libinit2.o)
    0x0800021c   0x0800021c   0x00000000   Code   RO          699    .ARM.Collect$$libinit$$0000000C  c_w.l(libinit2.o)
    0x0800021c   0x0800021c   0x00000000   Code   RO          701    .ARM.Collect$$libinit$$0000000E  c_w.l(libinit2.o)
    0x0800021c   0x0800021c   0x00000000   Code   RO          704    .ARM.Collect$$libinit$$00000011  c_w.l(libinit2.o)
    0x0800021c   0x0800021c   0x00000000   Code   RO          706    .ARM.Collect$$libinit$$00000013  c_w.l(libinit2.o)
    0x0800021c   0x0800021c   0x00000000   Code   RO          708    .ARM.Collect$$libinit$$00000015  c_w.l(libinit2.o)
    0x0800021c   0x0800021c   0x00000000   Code   RO          710    .ARM.Collect$$libinit$$00000017  c_w.l(libinit2.o)
    0x0800021c   0x0800021c   0x00000000   Code   RO          712    .ARM.Collect$$libinit$$00000019  c_w.l(libinit2.o)
    0x0800021c   0x0800021c   0x00000000   Code   RO          714    .ARM.Collect$$libinit$$0000001B  c_w.l(libinit2.o)
    0x0800021c   0x0800021c   0x00000000   Code   RO          716    .ARM.Collect$$libinit$$0000001D  c_w.l(libinit2.o)
    0x0800021c   0x0800021c   0x00000000   Code   RO          718    .ARM.Collect$$libinit$$0000001F  c_w.l(libinit2.o)
    0x0800021c   0x0800021c   0x00000000   Code   RO          720    .ARM.Collect$$libinit$$00000021  c_w.l(libinit2.o)
    0x0800021c   0x0800021c   0x00000000   Code   RO          722    .ARM.Collect$$libinit$$00000023  c_w.l(libinit2.o)
    0x0800021c   0x0800021c   0x00000000   Code   RO          724    .ARM.Collect$$libinit$$00000025  c_w.l(libinit2.o)
    0x0800021c   0x0800021c   0x00000000   Code   RO          728    .ARM.Collect$$libinit$$0000002C  c_w.l(libinit2.o)
    0x0800021c   0x0800021c   0x00000000   Code   RO          730    .ARM.Collect$$libinit$$0000002E  c_w.l(libinit2.o)
    0x0800021c   0x0800021c   0x00000000   Code   RO          732    .ARM.Collect$$libinit$$00000030  c_w.l(libinit2.o)
    0x0800021c   0x0800021c   0x00000000   Code   RO          734    .ARM.Collect$$libinit$$00000032  c_w.l(libinit2.o)
    0x0800021c   0x0800021c   0x00000002   Code   RO          735    .ARM.Collect$$libinit$$00000033  c_w.l(libinit2.o)
    0x0800021e   0x0800021e   0x00000002   Code   RO          770    .ARM.Collect$$libshutdown$$00000000  c_w.l(libshutdown.o)
    0x08000220   0x08000220   0x00000000   Code   RO          798    .ARM.Collect$$libshutdown$$00000002  c_w.l(libshutdown2.o)
    0x08000220   0x08000220   0x00000000   Code   RO          800    .ARM.Collect$$libshutdown$$00000004  c_w.l(libshutdown2.o)
    0x08000220   0x08000220   0x00000000   Code   RO          803    .ARM.Collect$$libshutdown$$00000007  c_w.l(libshutdown2.o)
    0x08000220   0x08000220   0x00000000   Code   RO          806    .ARM.Collect$$libshutdown$$0000000A  c_w.l(libshutdown2.o)
    0x08000220   0x08000220   0x00000000   Code   RO          808    .ARM.Collect$$libshutdown$$0000000C  c_w.l(libshutdown2.o)
    0x08000220   0x08000220   0x00000000   Code   RO          811    .ARM.Collect$$libshutdown$$0000000F  c_w.l(libshutdown2.o)
    0x08000220   0x08000220   0x00000002   Code   RO          812    .ARM.Collect$$libshutdown$$00000010  c_w.l(libshutdown2.o)
    0x08000222   0x08000222   0x00000000   Code   RO          635    .ARM.Collect$$rtentry$$00000000  c_w.l(__rtentry.o)
    0x08000222   0x08000222   0x00000000   Code   RO          646    .ARM.Collect$$rtentry$$00000002  c_w.l(__rtentry2.o)
    0x08000222   0x08000222   0x00000006   Code   RO          658    .ARM.Collect$$rtentry$$00000004  c_w.l(__rtentry4.o)
    0x08000228   0x08000228   0x00000000   Code   RO          648    .ARM.Collect$$rtentry$$00000009  c_w.l(__rtentry2.o)
    0x08000228   0x08000228   0x00000004   Code   RO          649    .ARM.Collect$$rtentry$$0000000A  c_w.l(__rtentry2.o)
    0x0800022c   0x0800022c   0x00000000   Code   RO          651    .ARM.Collect$$rtentry$$0000000C  c_w.l(__rtentry2.o)
    0x0800022c   0x0800022c   0x00000008   Code   RO          652    .ARM.Collect$$rtentry$$0000000D  c_w.l(__rtentry2.o)
    0x08000234   0x08000234   0x00000002   Code   RO          683    .ARM.Collect$$rtexit$$00000000  c_w.l(rtexit.o)
    0x08000236   0x08000236   0x00000000   Code   RO          741    .ARM.Collect$$rtexit$$00000002  c_w.l(rtexit2.o)
    0x08000236   0x08000236   0x00000004   Code   RO          742    .ARM.Collect$$rtexit$$00000003  c_w.l(rtexit2.o)
    0x0800023a   0x0800023a   0x00000006   Code   RO          743    .ARM.Collect$$rtexit$$00000004  c_w.l(rtexit2.o)
    0x08000240   0x08000240   0x00000040   Code   RO          570  * .text               startup_stm32f411xe.o
    0x08000280   0x08000280   0x000000f0   Code   RO          593    .text               c_w.l(lludivv7m.o)
    0x08000370   0x08000370   0x00000018   Code   RO          597    .text               c_w.l(noretval__2printf.o)
    0x08000388   0x08000388   0x00000068   Code   RO          599    .text               c_w.l(__printf.o)
    0x080003f0   0x080003f0   0x00000078   Code   RO          601    .text               c_w.l(_printf_dec.o)
    0x08000468   0x08000468   0x0000003e   Code   RO          625    .text               c_w.l(strlen.o)
    0x080004a6   0x080004a6   0x00000064   Code   RO          627    .text               c_w.l(rt_memcpy_w.o)
    0x0800050a   0x0800050a   0x0000004e   Code   RO          629    .text               c_w.l(rt_memclr_w.o)
    0x08000558   0x08000558   0x00000006   Code   RO          631    .text               c_w.l(heapauxi.o)
    0x0800055e   0x0800055e   0x000000b2   Code   RO          640    .text               c_w.l(_printf_intcommon.o)
    0x08000610   0x08000610   0x00000024   Code   RO          642    .text               c_w.l(_printf_char_file.o)
    0x08000634   0x08000634   0x00000030   Code   RO          662    .text               c_w.l(_printf_char_common.o)
    0x08000664   0x08000664   0x0000004a   Code   RO          664    .text               c_w.l(sys_stackheap_outer.o)
    0x080006ae   0x080006ae   0x00000012   Code   RO          668    .text               c_w.l(exit.o)
    0x080006c0   0x080006c0   0x00000008   Code   RO          680    .text               c_w.l(libspace.o)
    0x080006c8   0x080006c8   0x0000000c   Code   RO          736    .text               c_w.l(sys_exit.o)
    0x080006d4   0x080006d4   0x00000002   Code   RO          759    .text               c_w.l(use_no_semi.o)
    0x080006d6   0x080006d6   0x00000000   Code   RO          761    .text               c_w.l(indicate_semi.o)
    0x080006d6   0x080006d6   0x00000002   PAD
    0x080006d8   0x080006d8   0x00000002   Code   RO           62    .text.BusFault_Handler  stm32f4xx_it.o
    0x080006da   0x080006da   0x00000002   PAD
    0x080006dc   0x080006dc   0x00000010   Code   RO           74    .text.DMA2_Stream1_IRQHandler  stm32f4xx_it.o
    0x080006ec   0x080006ec   0x0000003c   Code   RO          227    .text.DMA_CalcBaseAndBitshift  stm32f4xx_hal_dma.o
    0x08000728   0x08000728   0x00000050   Code   RO          225    .text.DMA_CheckFifoParam  stm32f4xx_hal_dma.o
    0x08000778   0x08000778   0x00000002   Code   RO           68    .text.DebugMon_Handler  stm32f4xx_it.o
    0x0800077a   0x0800077a   0x00000002   PAD
    0x0800077c   0x0800077c   0x00000002   Code   RO           44    .text.Error_Handler  main.o
    0x0800077e   0x0800077e   0x00000002   PAD
    0x08000780   0x08000780   0x00000080   Code   RO          237    .text.HAL_DMA_Abort  stm32f4xx_hal_dma.o
    0x08000800   0x08000800   0x00000024   Code   RO          239    .text.HAL_DMA_Abort_IT  stm32f4xx_hal_dma.o
    0x08000824   0x08000824   0x0000018c   Code   RO          243    .text.HAL_DMA_IRQHandler  stm32f4xx_hal_dma.o
    0x080009b0   0x080009b0   0x000000ce   Code   RO          223    .text.HAL_DMA_Init  stm32f4xx_hal_dma.o
    0x08000a7e   0x08000a7e   0x00000002   PAD
    0x08000a80   0x08000a80   0x00000028   Code   RO          105    .text.HAL_Delay     stm32f4xx_hal.o
    0x08000aa8   0x08000aa8   0x00000196   Code   RO          277    .text.HAL_GPIO_Init  stm32f4xx_hal_gpio.o
    0x08000c3e   0x08000c3e   0x00000002   PAD
    0x08000c40   0x08000c40   0x0000000a   Code   RO          283    .text.HAL_GPIO_WritePin  stm32f4xx_hal_gpio.o
    0x08000c4a   0x08000c4a   0x00000002   PAD
    0x08000c4c   0x08000c4c   0x0000000c   Code   RO           97    .text.HAL_GetTick   stm32f4xx_hal.o
    0x08000c58   0x08000c58   0x0000001a   Code   RO           95    .text.HAL_IncTick   stm32f4xx_hal.o
    0x08000c72   0x08000c72   0x00000002   PAD
    0x08000c74   0x08000c74   0x00000036   Code   RO           85    .text.HAL_Init      stm32f4xx_hal.o
    0x08000caa   0x08000caa   0x00000002   PAD
    0x08000cac   0x08000cac   0x00000050   Code   RO           87    .text.HAL_InitTick  stm32f4xx_hal.o
    0x08000cfc   0x08000cfc   0x00000038   Code   RO          560    .text.HAL_MspInit   stm32f4xx_hal_msp.o
    0x08000d34   0x08000d34   0x00000008   Code   RO          162    .text.HAL_NVIC_EnableIRQ  stm32f4xx_hal_cortex.o
    0x08000d3c   0x08000d3c   0x0000001e   Code   RO          154    .text.HAL_NVIC_SetPriority  stm32f4xx_hal_cortex.o
    0x08000d5a   0x08000d5a   0x00000002   PAD
    0x08000d5c   0x08000d5c   0x00000008   Code   RO          150    .text.HAL_NVIC_SetPriorityGrouping  stm32f4xx_hal_cortex.o
    0x08000d64   0x08000d64   0x00000160   Code   RO          375    .text.HAL_RCC_ClockConfig  stm32f4xx_hal_rcc.o
    0x08000ec4   0x08000ec4   0x0000000c   Code   RO          385    .text.HAL_RCC_GetHCLKFreq  stm32f4xx_hal_rcc.o
    0x08000ed0   0x08000ed0   0x00000022   Code   RO          387    .text.HAL_RCC_GetPCLK1Freq  stm32f4xx_hal_rcc.o
    0x08000ef2   0x08000ef2   0x00000002   PAD
    0x08000ef4   0x08000ef4   0x00000022   Code   RO          389    .text.HAL_RCC_GetPCLK2Freq  stm32f4xx_hal_rcc.o
    0x08000f16   0x08000f16   0x00000002   PAD
    0x08000f18   0x08000f18   0x0000006a   Code   RO          377    .text.HAL_RCC_GetSysClockFreq  stm32f4xx_hal_rcc.o
    0x08000f82   0x08000f82   0x00000002   PAD
    0x08000f84   0x08000f84   0x00000348   Code   RO          373    .text.HAL_RCC_OscConfig  stm32f4xx_hal_rcc.o
    0x080012cc   0x080012cc   0x00000008   Code   RO          174    .text.HAL_SYSTICK_Config  stm32f4xx_hal_cortex.o
    0x080012d4   0x080012d4   0x00000002   Code   RO          519    .text.HAL_UARTEx_RxEventCallback  stm32f4xx_hal_uart.o
    0x080012d6   0x080012d6   0x00000002   PAD
    0x080012d8   0x080012d8   0x00000002   Code   RO          517    .text.HAL_UART_ErrorCallback  stm32f4xx_hal_uart.o
    0x080012da   0x080012da   0x00000002   PAD
    0x080012dc   0x080012dc   0x0000023a   Code   RO          511    .text.HAL_UART_IRQHandler  stm32f4xx_hal_uart.o
    0x08001516   0x08001516   0x00000002   PAD
    0x08001518   0x08001518   0x0000005e   Code   RO          429    .text.HAL_UART_Init  stm32f4xx_hal_uart.o
    0x08001576   0x08001576   0x00000002   PAD
    0x08001578   0x08001578   0x000000c0   Code   RO           13    .text.HAL_UART_MspInit  usart.o
    0x08001638   0x08001638   0x000000dc   Code   RO          449    .text.HAL_UART_Receive  stm32f4xx_hal_uart.o
    0x08001714   0x08001714   0x00000002   Code   RO          529    .text.HAL_UART_RxCpltCallback  stm32f4xx_hal_uart.o
    0x08001716   0x08001716   0x00000002   PAD
    0x08001718   0x08001718   0x000000cc   Code   RO          445    .text.HAL_UART_Transmit  stm32f4xx_hal_uart.o
    0x080017e4   0x080017e4   0x00000002   Code   RO          525    .text.HAL_UART_TxCpltCallback  stm32f4xx_hal_uart.o
    0x080017e6   0x080017e6   0x00000002   PAD
    0x080017e8   0x080017e8   0x00000002   Code   RO           58    .text.HardFault_Handler  stm32f4xx_it.o
    0x080017ea   0x080017ea   0x00000002   PAD
    0x080017ec   0x080017ec   0x00000036   Code   RO           27    .text.MX_DMA_Init   dma.o
    0x08001822   0x08001822   0x00000002   PAD
    0x08001824   0x08001824   0x00000094   Code   RO            2    .text.MX_GPIO_Init  gpio.o
    0x080018b8   0x080018b8   0x00000038   Code   RO           11    .text.MX_USART6_UART_Init  usart.o
    0x080018f0   0x080018f0   0x00000002   Code   RO           60    .text.MemManage_Handler  stm32f4xx_it.o
    0x080018f2   0x080018f2   0x00000002   PAD
    0x080018f4   0x080018f4   0x00000002   Code   RO           56    .text.NMI_Handler   stm32f4xx_it.o
    0x080018f6   0x080018f6   0x00000002   PAD
    0x080018f8   0x080018f8   0x0000002c   Code   RO          160    .text.NVIC_EncodePriority  stm32f4xx_hal_cortex.o
    0x08001924   0x08001924   0x00000002   Code   RO           70    .text.PendSV_Handler  stm32f4xx_it.o
    0x08001926   0x08001926   0x00000002   PAD
    0x08001928   0x08001928   0x00000002   Code   RO           66    .text.SVC_Handler   stm32f4xx_it.o
    0x0800192a   0x0800192a   0x00000002   PAD
    0x0800192c   0x0800192c   0x0000002e   Code   RO          176    .text.SysTick_Config  stm32f4xx_hal_cortex.o
    0x0800195a   0x0800195a   0x00000002   PAD
    0x0800195c   0x0800195c   0x00000008   Code   RO           72    .text.SysTick_Handler  stm32f4xx_it.o
    0x08001964   0x08001964   0x00000094   Code   RO           42    .text.SystemClock_Config  main.o
    0x080019f8   0x080019f8   0x00000012   Code   RO          577    .text.SystemInit    system_stm32f4xx.o
    0x08001a0a   0x08001a0a   0x00000002   PAD
    0x08001a0c   0x08001a0c   0x00000010   Code   RO          515    .text.UART_DMAAbortOnError  stm32f4xx_hal_uart.o
    0x08001a1c   0x08001a1c   0x00000050   Code   RO          477    .text.UART_EndRxTransfer  stm32f4xx_hal_uart.o
    0x08001a6c   0x08001a6c   0x00000018   Code   RO          523    .text.UART_EndTransmit_IT  stm32f4xx_hal_uart.o
    0x08001a84   0x08001a84   0x000000c4   Code   RO          513    .text.UART_Receive_IT  stm32f4xx_hal_uart.o
    0x08001b48   0x08001b48   0x000000dc   Code   RO          433    .text.UART_SetConfig  stm32f4xx_hal_uart.o
    0x08001c24   0x08001c24   0x00000052   Code   RO          521    .text.UART_Transmit_IT  stm32f4xx_hal_uart.o
    0x08001c76   0x08001c76   0x00000002   PAD
    0x08001c78   0x08001c78   0x0000007a   Code   RO          447    .text.UART_WaitOnFlagUntilTimeout  stm32f4xx_hal_uart.o
    0x08001cf2   0x08001cf2   0x00000002   PAD
    0x08001cf4   0x08001cf4   0x00000010   Code   RO           76    .text.USART6_IRQHandler  stm32f4xx_it.o
    0x08001d04   0x08001d04   0x00000002   Code   RO           64    .text.UsageFault_Handler  stm32f4xx_it.o
    0x08001d06   0x08001d06   0x00000002   PAD
    0x08001d08   0x08001d08   0x00000020   Code   RO          164    .text.__NVIC_EnableIRQ  stm32f4xx_hal_cortex.o
    0x08001d28   0x08001d28   0x00000010   Code   RO          156    .text.__NVIC_GetPriorityGrouping  stm32f4xx_hal_cortex.o
    0x08001d38   0x08001d38   0x00000022   Code   RO          158    .text.__NVIC_SetPriority  stm32f4xx_hal_cortex.o
    0x08001d5a   0x08001d5a   0x00000002   PAD
    0x08001d5c   0x08001d5c   0x00000020   Code   RO          152    .text.__NVIC_SetPriorityGrouping  stm32f4xx_hal_cortex.o
    0x08001d7c   0x08001d7c   0x00000004   Code   RO           38    .text.ferror        main.o
    0x08001d80   0x08001d80   0x00000020   Code   RO           36    .text.fputc         main.o
    0x08001da0   0x08001da0   0x00000088   Code   RO           40    .text.main          main.o
    0x08001e28   0x08001e28   0x0000001a   Code   RO          753    x$fpl$fpinit        fz_wm.l(fpinit.o)
    0x08001e42   0x08001e42   0x00000010   Data   RO          582    .rodata.AHBPrescTable  system_stm32f4xx.o
    0x08001e52   0x08001e52   0x00000008   Data   RO          583    .rodata.APBPrescTable  system_stm32f4xx.o
    0x08001e5a   0x08001e5a   0x00000002   PAD
    0x08001e5c   0x08001e5c   0x00000020   Data   RO          814    Region$$Table       anon$$obj.o


    Execution Region ER_RW (Exec base: 0x20000000, Load base: 0x08001e7c, Size: 0x0000000c, Max: 0xffffffff, ABSOLUTE)

    Exec Addr    Load Addr    Size         Type   Attr      Idx    E Section Name        Object

    0x20000000   0x08001e7c   0x00000004   Data   RW          581    .data.SystemCoreClock  system_stm32f4xx.o
    0x20000004   0x08001e80   0x00000001   Data   RW          140    .data.uwTickFreq    stm32f4xx_hal.o
    0x20000005   0x08001e81   0x00000003   PAD
    0x20000008   0x08001e84   0x00000004   Data   RW          139    .data.uwTickPrio    stm32f4xx_hal.o


    Execution Region ER_ZI (Exec base: 0x20000010, Load base: 0x08001e88, Size: 0x00000760, Max: 0xffffffff, ABSOLUTE)

    Exec Addr    Load Addr    Size         Type   Attr      Idx    E Section Name        Object

    0x20000010        -       0x00000060   Zero   RW          681    .bss                c_w.l(libspace.o)
    0x20000070        -       0x00000054   Zero   RW           46    .bss.__stdout       main.o
    0x200000c4        -       0x00000060   Zero   RW           18    .bss.hdma_usart6_rx  usart.o
    0x20000124        -       0x00000044   Zero   RW           17    .bss.huart6         usart.o
    0x20000168        -       0x00000004   Zero   RW          141    .bss.uwTick         stm32f4xx_hal.o
    0x2000016c   0x08001e88   0x00000004   PAD
    0x20000170        -       0x00000200   Zero   RW          568    HEAP                startup_stm32f411xe.o
    0x20000370        -       0x00000400   Zero   RW          567    STACK               startup_stm32f411xe.o


==============================================================================

Image component sizes


      Code (inc. data)   RO Data    RW Data    ZI Data      Debug   Object Name

        54          0          0          0          0       2957   dma.o
       148          0          0          0          0       2353   gpio.o
       322         12          0          0         84       4213   main.o
        64         26        408          0       1536        864   startup_stm32f411xe.o
       212          0          0          5          4       7127   stm32f4xx_hal.o
       258          0          0          0          0      10509   stm32f4xx_hal_cortex.o
       906         12          0          0          0       9437   stm32f4xx_hal_dma.o
       416          0          0          0          0       5471   stm32f4xx_hal_gpio.o
        56          0          0          0          0       1669   stm32f4xx_hal_msp.o
      1378          0          0          0          0       7617   stm32f4xx_hal_rcc.o
      1836          0          0          0          0      24876   stm32f4xx_hal_uart.o
        56          0          0          0          0       1933   stm32f4xx_it.o
        18          0         24          4          0       2799   system_stm32f4xx.o
       248          0          0          0        164       6496   usart.o

    ----------------------------------------------------------------------
      6032         50        466         12       1792      88321   Object Totals
         0          0         32          0          0          0   (incl. Generated)
        60          0          2          3          4          0   (incl. Padding)

    ----------------------------------------------------------------------

      Code (inc. data)   RO Data    RW Data    ZI Data      Debug   Library Member Name

         8          0          0          0          0         68   __main.o
       104          0          0          0          0         84   __printf.o
         0          0          0          0          0          0   __rtentry.o
        12          0          0          0          0          0   __rtentry2.o
         6          0          0          0          0          0   __rtentry4.o
        52          8          0          0          0          0   __scatter.o
        26          0          0          0          0          0   __scatter_copy.o
        28          0          0          0          0          0   __scatter_zi.o
        48          6          0          0          0         96   _printf_char_common.o
        36          4          0          0          0         80   _printf_char_file.o
         6          0          0          0          0          0   _printf_d.o
       120         16          0          0          0         92   _printf_dec.o
       178          0          0          0          0         88   _printf_intcommon.o
         0          0          0          0          0          0   _printf_percent.o
         4          0          0          0          0          0   _printf_percent_end.o
        18          0          0          0          0         80   exit.o
         6          0          0          0          0        152   heapauxi.o
         0          0          0          0          0          0   indicate_semi.o
         2          0          0          0          0          0   libinit.o
         6          0          0          0          0          0   libinit2.o
         2          0          0          0          0          0   libshutdown.o
         2          0          0          0          0          0   libshutdown2.o
         8          4          0          0         96         68   libspace.o
       240          0          0          0          0        100   lludivv7m.o
        24          4          0          0          0         84   noretval__2printf.o
        78          0          0          0          0         80   rt_memclr_w.o
       100          0          0          0          0         80   rt_memcpy_w.o
         2          0          0          0          0          0   rtexit.o
        10          0          0          0          0          0   rtexit2.o
        62          0          0          0          0         76   strlen.o
        12          4          0          0          0         68   sys_exit.o
        74          0          0          0          0         80   sys_stackheap_outer.o
         2          0          0          0          0         68   use_no_semi.o
        26          0          0          0          0        116   fpinit.o

    ----------------------------------------------------------------------
      1306         46          0          0         96       1560   Library Totals
         4          0          0          0          0          0   (incl. Padding)

    ----------------------------------------------------------------------

      Code (inc. data)   RO Data    RW Data    ZI Data      Debug   Library Name

      1276         46          0          0         96       1444   c_w.l
        26          0          0          0          0        116   fz_wm.l

    ----------------------------------------------------------------------
      1306         46          0          0         96       1560   Library Totals

    ----------------------------------------------------------------------

==============================================================================


      Code (inc. data)   RO Data    RW Data    ZI Data      Debug   

      7338         96        466         12       1888      88965   Grand Totals
      7338         96        466         12       1888      88965   ELF Image Totals
      7338         96        466         12          0          0   ROM Totals

==============================================================================

    Total RO  Size (Code + RO Data)                 7804 (   7.62kB)
    Total RW  Size (RW Data + ZI Data)              1900 (   1.86kB)
    Total ROM Size (Code + RO Data + RW Data)       7816 (   7.63kB)

==============================================================================

