<html>
<body>
<pre>
<h1>µVision Build Log</h1>
<h2>Tool Versions:</h2>
IDE-Version: £gVision V5.36.0.0
Copyright (C) 2021 ARM Ltd and ARM Germany GmbH. All rights reserved.
License Information: Will Chen, Mirle, LIC=----
 
Tool Versions:
Toolchain:       MDK-Lite  Version: 5.36.0.0
Toolchain Path:  C:\Keil_v5\ARM\ARMCLANG\Bin
C Compiler:      ArmClang.exe V6.16
Assembler:       Armasm.exe V6.16
Linker/Locator:  ArmLink.exe V6.16
Library Manager: ArmAr.exe V6.16
Hex Converter:   FromElf.exe V6.16
CPU DLL:         SARMCM3.DLL V5.36.0.0
Dialog DLL:      DCM.DLL V1.17.3.0
Target DLL:      STLink\ST-LINKIII-KEIL_SWO.dll V3.0.9.0
Dialog DLL:      TCM.DLL V1.53.0.0
 
<h2>Project:</h2>
E:\STM32\stm_project\HAL\3_uart\uart.uvprojx
Project File Date:  03/27/2022

<h2>Output:</h2>
*** Using Compiler 'V6.16', folder: 'C:\Keil_v5\ARM\ARMCLANG\Bin'
Build target 'Target 1'
RTE/Device/STM32F411VETx/STCubeGenerated/Src/main.c(23): warning: In file included from...
./RTE/Device/STM32F411VETx/STCubeGenerated/Inc\main.h(31): warning: In file included from...
C:/Users/wanna/AppData/Local/Arm/Packs/Keil/STM32F4xx_DFP/2.16.0/Drivers/STM32F4xx_HAL_Driver/Inc\stm32f4xx_hal.h(30): warning: In file included from...
./RTE/Device/STM32F411VETx/STCubeGenerated/Inc\stm32f4xx_hal_conf.h(364): warning: In file included from...
C:/Users/wanna/AppData/Local/Arm/Packs/Keil/STM32F4xx_DFP/2.16.0/Drivers/STM32F4xx_HAL_Driver/Inc\stm32f4xx_hal_uart.h(185): warning: 'USE_HAL_UART_REGISTER_CALLBACKS' is not defined, evaluates to 0 [-Wundef]
#if (USE_HAL_UART_REGISTER_CALLBACKS == 1)
     ^
C:/Users/wanna/AppData/Local/Arm/Packs/Keil/STM32F4xx_DFP/2.16.0/Drivers/STM32F4xx_HAL_Driver/Inc\stm32f4xx_hal_uart.h(203): warning: 'USE_HAL_UART_REGISTER_CALLBACKS' is not defined, evaluates to 0 [-Wundef]
#if (USE_HAL_UART_REGISTER_CALLBACKS == 1)
     ^
C:/Users/wanna/AppData/Local/Arm/Packs/Keil/STM32F4xx_DFP/2.16.0/Drivers/STM32F4xx_HAL_Driver/Inc\stm32f4xx_hal_uart.h(250): warning: 'USE_HAL_UART_REGISTER_CALLBACKS' is not defined, evaluates to 0 [-Wundef]
#if (USE_HAL_UART_REGISTER_CALLBACKS == 1)
     ^
C:/Users/wanna/AppData/Local/Arm/Packs/Keil/STM32F4xx_DFP/2.16.0/Drivers/STM32F4xx_HAL_Driver/Inc\stm32f4xx_hal_uart.h(409): warning: 'USE_HAL_UART_REGISTER_CALLBACKS' is not defined, evaluates to 0 [-Wundef]
#if (USE_HAL_UART_REGISTER_CALLBACKS == 1)
     ^
C:/Users/wanna/AppData/Local/Arm/Packs/Keil/STM32F4xx_DFP/2.16.0/Drivers/STM32F4xx_HAL_Driver/Inc\stm32f4xx_hal_uart.h(705): warning: 'USE_HAL_UART_REGISTER_CALLBACKS' is not defined, evaluates to 0 [-Wundef]
#if (USE_HAL_UART_REGISTER_CALLBACKS == 1)
     ^
RTE/Device/STM32F411VETx/STCubeGenerated/Src/main.c(70): warning: unused parameter 'f' [-Wunused-parameter]
int fputc(int ch, FILE *f){
                        ^
RTE/Device/STM32F411VETx/STCubeGenerated/Src/main.c(23): warning: In file included from...
./RTE/Device/STM32F411VETx/STCubeGenerated/Inc/main.h(31): warning: In file included from...
C:/Users/wanna/AppData/Local/Arm/Packs/Keil/STM32F4xx_DFP/2.16.0/Drivers/STM32F4xx_HAL_Driver/Inc\stm32f4xx_hal.h(30): warning: In file included from...
./RTE/Device/STM32F411VETx/STCubeGenerated/Inc\stm32f4xx_hal_conf.h(364): warning: In file included from...
C:/Users/wanna/AppData/Local/Arm/Packs/Keil/STM32F4xx_DFP/2.16.0/Drivers/STM32F4xx_HAL_Driver/Inc\stm32f4xx_hal_uart.h(183): warning: padding struct 'struct __UART_HandleTypeDef' with 1 byte to align 'ErrorCode' [-Wpadded]
  __IO uint32_t                 ErrorCode;        /*!< UART Error code                    */
                                ^
RTE/Device/STM32F411VETx/STCubeGenerated/Src/main.c(23): warning: In file included from...
./RTE/Device/STM32F411VETx/STCubeGenerated/Inc/main.h(31): warning: In file included from...
C:/Users/wanna/AppData/Local/Arm/Packs/Keil/STM32F4xx_DFP/2.16.0/Drivers/STM32F4xx_HAL_Driver/Inc\stm32f4xx_hal.h(30): warning: In file included from...
./RTE/Device/STM32F411VETx/STCubeGenerated/Inc\stm32f4xx_hal_conf.h(244): warning: In file included from...
C:/Users/wanna/AppData/Local/Arm/Packs/Keil/STM32F4xx_DFP/2.16.0/Drivers/STM32F4xx_HAL_Driver/Inc\stm32f4xx_hal_dma.h(149): warning: padding struct 'struct __DMA_HandleTypeDef' with 2 bytes to align 'Parent' [-Wpadded]
  void                       *Parent;                                                          /*!< Parent object state                    */ 
                              ^
RTE/Device/STM32F411VETx/STCubeGenerated/Src/main.c(75): warning: unused parameter 'f' [-Wunused-parameter]
int ferror(FILE *f){
                 ^
RTE/Device/STM32F411VETx/STCubeGenerated/Src/main.c(142): warning: implicitly declaring library function 'memset' with type 'void *(void *, int, unsigned int)' [-Wimplicit-function-declaration]
                memset(buf_r, 0, sizeof(buf_r));
                ^
RTE/Device/STM32F411VETx/STCubeGenerated/Src/main.c(142): note: include the header <string.h> or explicitly provide a declaration for 'memset'
RTE/Device/STM32F411VETx/STCubeGenerated/Src/main.c(145): warning: passing 'char [100]' to parameter of type 'uint8_t *' (aka 'unsigned char *') converts between pointers to integer types where one is of the unique plain 'char' type and the other is not [-Wpointer-sign]
                HAL_UART_Receive(&huart6, buf_r, 100, 1000);
                                          ^~~~~
C:/Users/wanna/AppData/Local/Arm/Packs/Keil/STM32F4xx_DFP/2.16.0/Drivers/STM32F4xx_HAL_Driver/Inc\stm32f4xx_hal_uart.h(724): note: passing argument to parameter 'pData' here
HAL_StatusTypeDef HAL_UART_Receive(UART_HandleTypeDef *huart, uint8_t *pData, uint16_t Size, uint32_t Timeout);
                                                                       ^
RTE/Device/STM32F411VETx/STCubeGenerated/Src/main.c(146): warning: implicitly declaring library function 'strlen' with type 'unsigned int (const char *)' [-Wimplicit-function-declaration]
                int _len = strlen(buf_r);
                           ^
RTE/Device/STM32F411VETx/STCubeGenerated/Src/main.c(146): note: include the header <string.h> or explicitly provide a declaration for 'strlen'
RTE/Device/STM32F411VETx/STCubeGenerated/Src/main.c(146): warning: implicit conversion changes signedness: 'unsigned int' to 'int' [-Wsign-conversion]
                int _len = strlen(buf_r);
                    ~~~~   ^~~~~~~~~~~~~
RTE/Device/STM32F411VETx/STCubeGenerated/Src/main.c(147): warning: implicitly declaring library function 'memcpy' with type 'void *(void *, const void *, unsigned int)' [-Wimplicit-function-declaration]
                memcpy(buf_w, buf_r, _len);
                ^
RTE/Device/STM32F411VETx/STCubeGenerated/Src/main.c(147): note: include the header <string.h> or explicitly provide a declaration for 'memcpy'
RTE/Device/STM32F411VETx/STCubeGenerated/Src/main.c(147): warning: implicit conversion changes signedness: 'int' to 'unsigned int' [-Wsign-conversion]
                memcpy(buf_w, buf_r, _len);
                ~~~~~~               ^~~~
RTE/Device/STM32F411VETx/STCubeGenerated/Src/main.c(148): warning: passing 'char [100]' to parameter of type 'uint8_t *' (aka 'unsigned char *') converts between pointers to integer types where one is of the unique plain 'char' type and the other is not [-Wpointer-sign]
                HAL_UART_Transmit(&huart6, buf_w, _len, 1000);
                                           ^~~~~
C:/Users/wanna/AppData/Local/Arm/Packs/Keil/STM32F4xx_DFP/2.16.0/Drivers/STM32F4xx_HAL_Driver/Inc\stm32f4xx_hal_uart.h(723): note: passing argument to parameter 'pData' here
HAL_StatusTypeDef HAL_UART_Transmit(UART_HandleTypeDef *huart, uint8_t *pData, uint16_t Size, uint32_t Timeout);
                                                                        ^
RTE/Device/STM32F411VETx/STCubeGenerated/Src/main.c(148): warning: implicit conversion loses integer precision: 'int' to 'uint16_t' (aka 'unsigned short') [-Wimplicit-int-conversion]
                HAL_UART_Transmit(&huart6, buf_w, _len, 1000);
                ~~~~~~~~~~~~~~~~~                 ^~~~
17 warnings generated.
compiling main.c...
linking...
Program Size: Code=7338 RO-data=466 RW-data=12 ZI-data=1888  
".\Objects\buttonLed.axf" - 0 Error(s), 17 Warning(s).

<h2>Software Packages used:</h2>

Package Vendor: ARM
                http://www.keil.com/pack/ARM.CMSIS.5.8.0.pack
                ARM.CMSIS.5.8.0
                CMSIS (Common Microcontroller Software Interface Standard)
   * Component: CORE Version: 5.5.0

Package Vendor: Keil
                project-path/Keil.FrameworkCubeMX.1.0.0.pack
                Keil.FrameworkCubeMX.1.0.0
                STM32CubeMX generated pack description
   * Component: STM32CubeMX Version: 1.1.0

Package Vendor: Keil
                http://www.keil.com/pack/Keil.STM32F4xx_DFP.2.16.0.pack
                Keil.STM32F4xx_DFP.2.16.0
                STMicroelectronics STM32F4 Series Device Support, Drivers and Examples
   * Component: STM32Cube Framework Version: 1.0.0
   * Component: CRC Version: 1.7.13
   * Component: Common Version: 1.7.13
   * Component: Cortex Version: 1.7.13
   * Component: DMA Version: 1.7.13
   * Component: GPIO Version: 1.7.13
   * Component: PWR Version: 1.7.13
   * Component: RCC Version: 1.7.13
   * Component: UART Version: 1.7.13
   * Component: USART Version: 1.7.13
   * Component: Startup Version: 2.6.3

<h2>Collection of Component include folders:</h2>
  .\RTE\Device\STM32F411VETx
  .\RTE\Device\STM32F411VETx\STCubeGenerated
  .\RTE\Device\STM32F411VETx\STCubeGenerated\Inc
  .\RTE\_Target_1
  C:\Users\wanna\AppData\Local\Arm\Packs\ARM\CMSIS\5.8.0\CMSIS\Core\Include
  C:\Users\wanna\AppData\Local\Arm\Packs\Keil\STM32F4xx_DFP\2.16.0\Drivers\CMSIS\Device\ST\STM32F4xx\Include
  C:\Users\wanna\AppData\Local\Arm\Packs\Keil\STM32F4xx_DFP\2.16.0\Drivers\STM32F4xx_HAL_Driver\Inc

<h2>Collection of Component Files used:</h2>

   * Component: ::Device:STM32Cube Framework:1.0.0 (API)

   * Component: ARM::CMSIS:CORE:5.5.0

   * Component: Keil::Device:STM32Cube Framework:STM32CubeMX:1.1.0
      Include file:  MX_Device.h
      Include file:  STCubeGenerated\Inc\stm32f4xx_hal_conf.h
      Source file:   STCubeGenerated\Src\stm32f4xx_hal_msp.c

   * Component: Keil::Device:STM32Cube HAL:CRC:1.7.13
      Source file:   Drivers\STM32F4xx_HAL_Driver\Src\stm32f4xx_hal_crc.c

   * Component: Keil::Device:STM32Cube HAL:Common:1.7.13
      Include file:  Drivers\STM32F4xx_HAL_Driver\Inc\stm32f4xx_hal.h
      Source file:   Drivers\STM32F4xx_HAL_Driver\Src\stm32f4xx_hal.c

   * Component: Keil::Device:STM32Cube HAL:Cortex:1.7.13
      Source file:   Drivers\STM32F4xx_HAL_Driver\Src\stm32f4xx_hal_cortex.c

   * Component: Keil::Device:STM32Cube HAL:DMA:1.7.13
      Source file:   Drivers\STM32F4xx_HAL_Driver\Src\stm32f4xx_hal_dma.c
      Source file:   Drivers\STM32F4xx_HAL_Driver\Src\stm32f4xx_hal_dma_ex.c

   * Component: Keil::Device:STM32Cube HAL:GPIO:1.7.13
      Source file:   Drivers\STM32F4xx_HAL_Driver\Src\stm32f4xx_hal_gpio.c

   * Component: Keil::Device:STM32Cube HAL:PWR:1.7.13
      Source file:   Drivers\STM32F4xx_HAL_Driver\Src\stm32f4xx_hal_pwr_ex.c
      Source file:   Drivers\STM32F4xx_HAL_Driver\Src\stm32f4xx_hal_pwr.c

   * Component: Keil::Device:STM32Cube HAL:RCC:1.7.13
      Source file:   Drivers\STM32F4xx_HAL_Driver\Src\stm32f4xx_hal_rcc.c
      Source file:   Drivers\STM32F4xx_HAL_Driver\Src\stm32f4xx_hal_rcc_ex.c

   * Component: Keil::Device:STM32Cube HAL:UART:1.7.13
      Source file:   Drivers\STM32F4xx_HAL_Driver\Src\stm32f4xx_hal_uart.c

   * Component: Keil::Device:STM32Cube HAL:USART:1.7.13
      Source file:   Drivers\STM32F4xx_HAL_Driver\Src\stm32f4xx_hal_usart.c

   * Component: Keil::Device:Startup:2.6.3
      Include file:  Drivers\CMSIS\Device\ST\STM32F4xx\Include\stm32f4xx.h
      Source file:   Drivers\CMSIS\Device\ST\STM32F4xx\Source\Templates\arm\startup_stm32f411xe.s
      Source file:   MDK\Device\Source\ARM\STM32F411xx_OPT.s
      Source file:   MDK\Device\Source\ARM\STM32F4xx_OTP.s
      Source file:   Drivers\CMSIS\Device\ST\STM32F4xx\Source\Templates\system_stm32f4xx.c
Build Time Elapsed:  00:00:01
</pre>
</body>
</html>
