<html>
<body>
<pre>
<h1>µVision Build Log</h1>
<h2>Tool Versions:</h2>
IDE-Version: £gVision V5.36.0.0
Copyright (C) 2021 ARM Ltd and ARM Germany GmbH. All rights reserved.
License Information: Will Chen, Mirle, LIC=----
 
Tool Versions:
Toolchain:       MDK-Lite  Version: 5.36.0.0
Toolchain Path:  C:\Keil_v5\ARM\ARMCLANG\Bin
C Compiler:      ArmClang.exe V6.16
Assembler:       Armasm.exe V6.16
Linker/Locator:  ArmLink.exe V6.16
Library Manager: ArmAr.exe V6.16
Hex Converter:   FromElf.exe V6.16
CPU DLL:         SARMCM3.DLL V5.36.0.0
Dialog DLL:      DCM.DLL V1.17.3.0
Target DLL:      STLink\ST-LINKIII-KEIL_SWO.dll V3.0.9.0
Dialog DLL:      TCM.DLL V1.53.0.0
 
<h2>Project:</h2>
E:\STM32\git\stm32\stm32f411vet\REG\3_uart\stm32f411Vet6.uvprojx
Project File Date:  04/02/2022

<h2>Output:</h2>
*** Using Compiler 'V6.16', folder: 'C:\Keil_v5\ARM\ARMCLANG\Bin'
Build target 'Target 1'
main.c(7): warning: implicit declaration of function 'UART2_SendString' is invalid in C99 [-Wimplicit-function-declaration]
        UART2_SendString((uint8_t *)&ch);
        ^
main.c(6): warning: unused parameter 'f' [-Wunused-parameter]
int fputc(int ch, FILE *f){
                        ^
main.c(11): warning: unused parameter 'f' [-Wunused-parameter]
int ferror(FILE *f){
                 ^
main.c(18): warning: no previous prototype for function 'delay' [-Wmissing-prototypes]
void delay(int time)
     ^
main.c(18): note: declare 'static' if the function is not intended to be used outside of this translation unit
void delay(int time)
^
static 
main.c(28): warning: implicit declaration of function 'SysClockConfig' is invalid in C99 [-Wimplicit-function-declaration]
        SysClockConfig();
        ^
main.c(29): warning: implicit declaration of function 'gpio_config' is invalid in C99 [-Wimplicit-function-declaration]
        gpio_config();
        ^
main.c(30): warning: implicit declaration of function 'uart2_config' is invalid in C99 [-Wimplicit-function-declaration]
        uart2_config();
        ^
7 warnings generated.
compiling main.c...
linking...
Program Size: Code=1300 RO-data=424 RW-data=0 ZI-data=1720  
".\Objects\stm32f411Vet6.axf" - 0 Error(s), 7 Warning(s).

<h2>Software Packages used:</h2>

Package Vendor: ARM
                http://www.keil.com/pack/ARM.CMSIS.5.8.0.pack
                ARM.CMSIS.5.8.0
                CMSIS (Common Microcontroller Software Interface Standard)
   * Component: CORE Version: 5.5.0

Package Vendor: Keil
                http://www.keil.com/pack/Keil.STM32F4xx_DFP.2.16.0.pack
                Keil.STM32F4xx_DFP.2.16.0
                STMicroelectronics STM32F4 Series Device Support, Drivers and Examples
   * Component: Startup Version: 2.6.3

<h2>Collection of Component include folders:</h2>
  .\RTE\_Target_1
  C:\Users\wanna\AppData\Local\Arm\Packs\ARM\CMSIS\5.8.0\CMSIS\Core\Include
  C:\Users\wanna\AppData\Local\Arm\Packs\Keil\STM32F4xx_DFP\2.16.0\Drivers\CMSIS\Device\ST\STM32F4xx\Include

<h2>Collection of Component Files used:</h2>

   * Component: ARM::CMSIS:CORE:5.5.0

   * Component: Keil::Device:Startup:2.6.3
      Include file:  Drivers\CMSIS\Device\ST\STM32F4xx\Include\stm32f4xx.h
      Source file:   MDK\Device\Source\ARM\STM32F411xx_OPT.s
      Source file:   Drivers\CMSIS\Device\ST\STM32F4xx\Source\Templates\arm\startup_stm32f411xe.s
      Source file:   MDK\Device\Source\ARM\STM32F4xx_OTP.s
      Source file:   Drivers\CMSIS\Device\ST\STM32F4xx\Source\Templates\system_stm32f4xx.c
Build Time Elapsed:  00:00:01
</pre>
</body>
</html>
